Archive member included to satisfy reference by file (symbol)

/Applications/STM32CubeIDE.app/Contents/Eclipse/plugins/com.st.stm32cube.ide.mcu.externaltools.gnu-tools-for-stm32.9-2020-q2-update.macos64_1.5.0.202011040924/tools/bin/../lib/gcc/arm-none-eabi/9.3.1/../../../../arm-none-eabi/lib/thumb/v7e-m+dp/hard/libc_nano.a(lib_a-errno.o)
                              Core/Src/syscalls.o (__errno)
/Applications/STM32CubeIDE.app/Contents/Eclipse/plugins/com.st.stm32cube.ide.mcu.externaltools.gnu-tools-for-stm32.9-2020-q2-update.macos64_1.5.0.202011040924/tools/bin/../lib/gcc/arm-none-eabi/9.3.1/../../../../arm-none-eabi/lib/thumb/v7e-m+dp/hard/libc_nano.a(lib_a-exit.o)
                              /Applications/STM32CubeIDE.app/Contents/Eclipse/plugins/com.st.stm32cube.ide.mcu.externaltools.gnu-tools-for-stm32.9-2020-q2-update.macos64_1.5.0.202011040924/tools/bin/../lib/gcc/arm-none-eabi/9.3.1/../../../../arm-none-eabi/lib/thumb/v7e-m+dp/hard/crt0.o (exit)
/Applications/STM32CubeIDE.app/Contents/Eclipse/plugins/com.st.stm32cube.ide.mcu.externaltools.gnu-tools-for-stm32.9-2020-q2-update.macos64_1.5.0.202011040924/tools/bin/../lib/gcc/arm-none-eabi/9.3.1/../../../../arm-none-eabi/lib/thumb/v7e-m+dp/hard/libc_nano.a(lib_a-impure.o)
                              /Applications/STM32CubeIDE.app/Contents/Eclipse/plugins/com.st.stm32cube.ide.mcu.externaltools.gnu-tools-for-stm32.9-2020-q2-update.macos64_1.5.0.202011040924/tools/bin/../lib/gcc/arm-none-eabi/9.3.1/../../../../arm-none-eabi/lib/thumb/v7e-m+dp/hard/libc_nano.a(lib_a-exit.o) (_global_impure_ptr)
/Applications/STM32CubeIDE.app/Contents/Eclipse/plugins/com.st.stm32cube.ide.mcu.externaltools.gnu-tools-for-stm32.9-2020-q2-update.macos64_1.5.0.202011040924/tools/bin/../lib/gcc/arm-none-eabi/9.3.1/../../../../arm-none-eabi/lib/thumb/v7e-m+dp/hard/libc_nano.a(lib_a-init.o)
                              /Applications/STM32CubeIDE.app/Contents/Eclipse/plugins/com.st.stm32cube.ide.mcu.externaltools.gnu-tools-for-stm32.9-2020-q2-update.macos64_1.5.0.202011040924/tools/bin/../lib/gcc/arm-none-eabi/9.3.1/../../../../arm-none-eabi/lib/thumb/v7e-m+dp/hard/crt0.o (__libc_init_array)
/Applications/STM32CubeIDE.app/Contents/Eclipse/plugins/com.st.stm32cube.ide.mcu.externaltools.gnu-tools-for-stm32.9-2020-q2-update.macos64_1.5.0.202011040924/tools/bin/../lib/gcc/arm-none-eabi/9.3.1/../../../../arm-none-eabi/lib/thumb/v7e-m+dp/hard/libc_nano.a(lib_a-memcpy-stub.o)
                              Core/Src/gps.o (memcpy)
/Applications/STM32CubeIDE.app/Contents/Eclipse/plugins/com.st.stm32cube.ide.mcu.externaltools.gnu-tools-for-stm32.9-2020-q2-update.macos64_1.5.0.202011040924/tools/bin/../lib/gcc/arm-none-eabi/9.3.1/../../../../arm-none-eabi/lib/thumb/v7e-m+dp/hard/libc_nano.a(lib_a-memset.o)
                              /Applications/STM32CubeIDE.app/Contents/Eclipse/plugins/com.st.stm32cube.ide.mcu.externaltools.gnu-tools-for-stm32.9-2020-q2-update.macos64_1.5.0.202011040924/tools/bin/../lib/gcc/arm-none-eabi/9.3.1/../../../../arm-none-eabi/lib/thumb/v7e-m+dp/hard/crt0.o (memset)
/Applications/STM32CubeIDE.app/Contents/Eclipse/plugins/com.st.stm32cube.ide.mcu.externaltools.gnu-tools-for-stm32.9-2020-q2-update.macos64_1.5.0.202011040924/tools/bin/../lib/gcc/arm-none-eabi/9.3.1/../../../../arm-none-eabi/lib/thumb/v7e-m+dp/hard/libc_nano.a(lib_a-strncmp.o)
                              Core/Src/gps.o (strncmp)
/Applications/STM32CubeIDE.app/Contents/Eclipse/plugins/com.st.stm32cube.ide.mcu.externaltools.gnu-tools-for-stm32.9-2020-q2-update.macos64_1.5.0.202011040924/tools/bin/../lib/gcc/arm-none-eabi/9.3.1/thumb/v7e-m+dp/hard/libgcc.a(_aeabi_uldivmod.o)
                              Drivers/STM32F7xx_HAL_Driver/Src/stm32f7xx_hal_rcc.o (__aeabi_uldivmod)
/Applications/STM32CubeIDE.app/Contents/Eclipse/plugins/com.st.stm32cube.ide.mcu.externaltools.gnu-tools-for-stm32.9-2020-q2-update.macos64_1.5.0.202011040924/tools/bin/../lib/gcc/arm-none-eabi/9.3.1/thumb/v7e-m+dp/hard/libgcc.a(_udivmoddi4.o)
                              /Applications/STM32CubeIDE.app/Contents/Eclipse/plugins/com.st.stm32cube.ide.mcu.externaltools.gnu-tools-for-stm32.9-2020-q2-update.macos64_1.5.0.202011040924/tools/bin/../lib/gcc/arm-none-eabi/9.3.1/thumb/v7e-m+dp/hard/libgcc.a(_aeabi_uldivmod.o) (__udivmoddi4)
/Applications/STM32CubeIDE.app/Contents/Eclipse/plugins/com.st.stm32cube.ide.mcu.externaltools.gnu-tools-for-stm32.9-2020-q2-update.macos64_1.5.0.202011040924/tools/bin/../lib/gcc/arm-none-eabi/9.3.1/thumb/v7e-m+dp/hard/libgcc.a(_dvmd_tls.o)
                              /Applications/STM32CubeIDE.app/Contents/Eclipse/plugins/com.st.stm32cube.ide.mcu.externaltools.gnu-tools-for-stm32.9-2020-q2-update.macos64_1.5.0.202011040924/tools/bin/../lib/gcc/arm-none-eabi/9.3.1/thumb/v7e-m+dp/hard/libgcc.a(_aeabi_uldivmod.o) (__aeabi_ldiv0)

Allocating common symbols
Common symbol       size              file

hdma_uart4_rx       0x60              Core/Src/main.o
[...]
Memory Configuration

Name             Origin             Length             Attributes
RAM              0x0000000020000000 0x0000000000080000 xrw
FLASH            0x0000000008000000 0x0000000000100000 xr
*default*        0x0000000000000000 0xffffffffffffffff

Linker script and memory map

LOAD /Applications/STM32CubeIDE.app/Contents/Eclipse/plugins/com.st.stm32cube.ide.mcu.externaltools.gnu-tools-for-stm32.9-2020-q2-update.macos64_1.5.0.202011040924/tools/bin/../lib/gcc/arm-none-eabi/9.3.1/thumb/v7e-m+dp/hard/crti.o
LOAD /Applications/STM32CubeIDE.app/Contents/Eclipse/plugins/com.st.stm32cube.ide.mcu.externaltools.gnu-tools-for-stm32.9-2020-q2-update.macos64_1.5.0.202011040924/tools/bin/../lib/gcc/arm-none-eabi/9.3.1/thumb/v7e-m+dp/hard/crtbegin.o
LOAD /Applications/STM32CubeIDE.app/Contents/Eclipse/plugins/com.st.stm32cube.ide.mcu.externaltools.gnu-tools-for-stm32.9-2020-q2-update.macos64_1.5.0.202011040924/tools/bin/../lib/gcc/arm-none-eabi/9.3.1/../../../../arm-none-eabi/lib/thumb/v7e-m+dp/hard/crt0.o
LOAD Core/Src/gps.o
LOAD Core/Src/main.o
LOAD Core/Src/stm32f7xx_hal_msp.o
LOAD Core/Src/stm32f7xx_it.o
LOAD Core/Src/syscalls.o
LOAD Core/Src/sysmem.o
LOAD Core/Src/system_stm32f7xx.o
LOAD Core/Startup/startup_stm32f765zgtx.o
LOAD Drivers/STM32F7xx_HAL_Driver/Src/stm32f7xx_hal.o
LOAD Drivers/STM32F7xx_HAL_Driver/Src/stm32f7xx_hal_cortex.o
LOAD Drivers/STM32F7xx_HAL_Driver/Src/stm32f7xx_hal_dma.o
LOAD Drivers/STM32F7xx_HAL_Driver/Src/stm32f7xx_hal_dma_ex.o
LOAD Drivers/STM32F7xx_HAL_Driver/Src/stm32f7xx_hal_exti.o
LOAD Drivers/STM32F7xx_HAL_Driver/Src/stm32f7xx_hal_flash.o
LOAD Drivers/STM32F7xx_HAL_Driver/Src/stm32f7xx_hal_flash_ex.o
LOAD Drivers/STM32F7xx_HAL_Driver/Src/stm32f7xx_hal_gpio.o
LOAD Drivers/STM32F7xx_HAL_Driver/Src/stm32f7xx_hal_i2c.o
LOAD Drivers/STM32F7xx_HAL_Driver/Src/stm32f7xx_hal_i2c_ex.o
LOAD Drivers/STM32F7xx_HAL_Driver/Src/stm32f7xx_hal_pwr.o
LOAD Drivers/STM32F7xx_HAL_Driver/Src/stm32f7xx_hal_pwr_ex.o
LOAD Drivers/STM32F7xx_HAL_Driver/Src/stm32f7xx_hal_rcc.o
LOAD Drivers/STM32F7xx_HAL_Driver/Src/stm32f7xx_hal_rcc_ex.o
LOAD Drivers/STM32F7xx_HAL_Driver/Src/stm32f7xx_hal_tim.o
LOAD Drivers/STM32F7xx_HAL_Driver/Src/stm32f7xx_hal_tim_ex.o
LOAD Drivers/STM32F7xx_HAL_Driver/Src/stm32f7xx_hal_uart.o
LOAD Drivers/STM32F7xx_HAL_Driver/Src/stm32f7xx_hal_uart_ex.o
START GROUP
LOAD /Applications/STM32CubeIDE.app/Contents/Eclipse/plugins/com.st.stm32cube.ide.mcu.externaltools.gnu-tools-for-stm32.9-2020-q2-update.macos64_1.5.0.202011040924/tools/bin/../lib/gcc/arm-none-eabi/9.3.1/../../../../arm-none-eabi/lib/thumb/v7e-m+dp/hard/libstdc++_nano.a
LOAD /Applications/STM32CubeIDE.app/Contents/Eclipse/plugins/com.st.stm32cube.ide.mcu.externaltools.gnu-tools-for-stm32.9-2020-q2-update.macos64_1.5.0.202011040924/tools/bin/../lib/gcc/arm-none-eabi/9.3.1/../../../../arm-none-eabi/lib/thumb/v7e-m+dp/hard/libsupc++_nano.a
END GROUP
LOAD /Applications/STM32CubeIDE.app/Contents/Eclipse/plugins/com.st.stm32cube.ide.mcu.externaltools.gnu-tools-for-stm32.9-2020-q2-update.macos64_1.5.0.202011040924/tools/bin/../lib/gcc/arm-none-eabi/9.3.1/../../../../arm-none-eabi/lib/thumb/v7e-m+dp/hard/libstdc++_nano.a
LOAD /Applications/STM32CubeIDE.app/Contents/Eclipse/plugins/com.st.stm32cube.ide.mcu.externaltools.gnu-tools-for-stm32.9-2020-q2-update.macos64_1.5.0.202011040924/tools/bin/../lib/gcc/arm-none-eabi/9.3.1/../../../../arm-none-eabi/lib/thumb/v7e-m+dp/hard/libm.a
LOAD /Applications/STM32CubeIDE.app/Contents/Eclipse/plugins/com.st.stm32cube.ide.mcu.externaltools.gnu-tools-for-stm32.9-2020-q2-update.macos64_1.5.0.202011040924/tools/bin/../lib/gcc/arm-none-eabi/9.3.1/../../../../arm-none-eabi/lib/thumb/v7e-m+dp/hard/libc_nano.a
START GROUP
LOAD /Applications/STM32CubeIDE.app/Contents/Eclipse/plugins/com.st.stm32cube.ide.mcu.externaltools.gnu-tools-for-stm32.9-2020-q2-update.macos64_1.5.0.202011040924/tools/bin/../lib/gcc/arm-none-eabi/9.3.1/thumb/v7e-m+dp/hard/libgcc.a
LOAD /Applications/STM32CubeIDE.app/Contents/Eclipse/plugins/com.st.stm32cube.ide.mcu.externaltools.gnu-tools-for-stm32.9-2020-q2-update.macos64_1.5.0.202011040924/tools/bin/../lib/gcc/arm-none-eabi/9.3.1/../../../../arm-none-eabi/lib/thumb/v7e-m+dp/hard/libc_nano.a
END GROUP
START GROUP
LOAD /Applications/STM32CubeIDE.app/Contents/Eclipse/plugins/com.st.stm32cube.ide.mcu.externaltools.gnu-tools-for-stm32.9-2020-q2-update.macos64_1.5.0.202011040924/tools/bin/../lib/gcc/arm-none-eabi/9.3.1/thumb/v7e-m+dp/hard/libgcc.a
LOAD /Applications/STM32CubeIDE.app/Contents/Eclipse/plugins/com.st.stm32cube.ide.mcu.externaltools.gnu-tools-for-stm32.9-2020-q2-update.macos64_1.5.0.202011040924/tools/bin/../lib/gcc/arm-none-eabi/9.3.1/../../../../arm-none-eabi/lib/thumb/v7e-m+dp/hard/libc_nano.a
LOAD /Applications/STM32CubeIDE.app/Contents/Eclipse/plugins/com.st.stm32cube.ide.mcu.externaltools.gnu-tools-for-stm32.9-2020-q2-update.macos64_1.5.0.202011040924/tools/bin/../lib/gcc/arm-none-eabi/9.3.1/../../../../arm-none-eabi/lib/thumb/v7e-m+dp/hard/libnosys.a
END GROUP
START GROUP
LOAD /Applications/STM32CubeIDE.app/Contents/Eclipse/plugins/com.st.stm32cube.ide.mcu.externaltools.gnu-tools-for-stm32.9-2020-q2-update.macos64_1.5.0.202011040924/tools/bin/../lib/gcc/arm-none-eabi/9.3.1/thumb/v7e-m+dp/hard/libgcc.a
LOAD /Applications/STM32CubeIDE.app/Contents/Eclipse/plugins/com.st.stm32cube.ide.mcu.externaltools.gnu-tools-for-stm32.9-2020-q2-update.macos64_1.5.0.202011040924/tools/bin/../lib/gcc/arm-none-eabi/9.3.1/../../../../arm-none-eabi/lib/thumb/v7e-m+dp/hard/libc_nano.a
LOAD /Applications/STM32CubeIDE.app/Contents/Eclipse/plugins/com.st.stm32cube.ide.mcu.externaltools.gnu-tools-for-stm32.9-2020-q2-update.macos64_1.5.0.202011040924/tools/bin/../lib/gcc/arm-none-eabi/9.3.1/../../../../arm-none-eabi/lib/thumb/v7e-m+dp/hard/libnosys.a
END GROUP
LOAD /Applications/STM32CubeIDE.app/Contents/Eclipse/plugins/com.st.stm32cube.ide.mcu.externaltools.gnu-tools-for-stm32.9-2020-q2-update.macos64_1.5.0.202011040924/tools/bin/../lib/gcc/arm-none-eabi/9.3.1/thumb/v7e-m+dp/hard/crtend.o
LOAD /Applications/STM32CubeIDE.app/Contents/Eclipse/plugins/com.st.stm32cube.ide.mcu.externaltools.gnu-tools-for-stm32.9-2020-q2-update.macos64_1.5.0.202011040924/tools/bin/../lib/gcc/arm-none-eabi/9.3.1/thumb/v7e-m+dp/hard/crtn.o
                0x0000000020080000                _estack = (ORIGIN (RAM) + LENGTH (RAM))
                0x0000000000000200                _Min_Heap_Size = 0x200
                0x0000000000000400                _Min_Stack_Size = 0x400

.isr_vector     0x0000000008000000      0x1f8
                0x0000000008000000                . = ALIGN (0x4)
 *(.isr_vector)
 .isr_vector    0x0000000008000000      0x1f8 Core/Startup/startup_stm32f765zgtx.o
                0x0000000008000000                g_pfnVectors
                0x00000000080001f8                . = ALIGN (0x4)

.text           0x00000000080001f8     0x46dc
                0x00000000080001f8                . = ALIGN (0x4)
 *(.text)
 .text          0x00000000080001f8       0x40 /Applications/STM32CubeIDE.app/Contents/Eclipse/plugins/com.st.stm32cube.ide.mcu.externaltools.gnu-tools-for-stm32.9-2020-q2-update.macos64_1.5.0.202011040924/tools/bin/../lib/gcc/arm-none-eabi/9.3.1/thumb/v7e-m+dp/hard/crtbegin.o
 .text          0x0000000008000238       0x30 /Applications/STM32CubeIDE.app/Contents/Eclipse/plugins/com.st.stm32cube.ide.mcu.externaltools.gnu-tools-for-stm32.9-2020-q2-update.macos64_1.5.0.202011040924/tools/bin/../lib/gcc/arm-none-eabi/9.3.1/thumb/v7e-m+dp/hard/libgcc.a(_aeabi_uldivmod.o)
                0x0000000008000238                __aeabi_uldivmod
 .text          0x0000000008000268      0x2c4 /Applications/STM32CubeIDE.app/Contents/Eclipse/plugins/com.st.stm32cube.ide.mcu.externaltools.gnu-tools-for-stm32.9-2020-q2-update.macos64_1.5.0.202011040924/tools/bin/../lib/gcc/arm-none-eabi/9.3.1/thumb/v7e-m+dp/hard/libgcc.a(_udivmoddi4.o)
                0x0000000008000268                __udivmoddi4
 .text          0x000000000800052c        0x4 /Applications/STM32CubeIDE.app/Contents/Eclipse/plugins/com.st.stm32cube.ide.mcu.externaltools.gnu-tools-for-stm32.9-2020-q2-update.macos64_1.5.0.202011040924/tools/bin/../lib/gcc/arm-none-eabi/9.3.1/thumb/v7e-m+dp/hard/libgcc.a(_dvmd_tls.o)
                0x000000000800052c                __aeabi_ldiv0
                0x000000000800052c                __aeabi_idiv0
 *(.text*)
 .text.byteToHexString
                0x0000000008000530       0x3e Core/Src/gps.o
 .text.asciiToHex
                0x000000000800056e       0x4e Core/Src/gps.o
 .text.isNMEAChecksumValid
                0x00000000080005bc       0x86 Core/Src/gps.o
 *fill*         0x0000000008000642        0x2 
 .text.getData  0x0000000008000644       0x30 Core/Src/gps.o
                0x0000000008000644                getData
 .text.parseIncomingGPSData
                0x0000000008000674      0x194 Core/Src/gps.o
                0x0000000008000674                parseIncomingGPSData
 .text.init     0x0000000008000808       0xb8 Core/Src/gps.o
                0x0000000008000808                init
 .text.HAL_UART_RxCpltCallback
                0x00000000080008c0       0x28 Core/Src/gps.o
                0x00000000080008c0                HAL_UART_RxCpltCallback
 .text.isNewDataAvailable
                0x00000000080008e8       0x28 Core/Src/gps.o
                0x00000000080008e8                isNewDataAvailable
 .text.parseVTG
                0x0000000008000910      0x214 Core/Src/gps.o
 *fill*         0x0000000008000b24        0x4 
 .text.parseGGA
                0x0000000008000b28      0x6a0 Core/Src/gps.o
 .text.main     0x00000000080011c8       0x44 Core/Src/main.o
                0x00000000080011c8                main
 .text.SystemClock_Config
                0x000000000800120c       0xf4 Core/Src/main.o
                0x000000000800120c                SystemClock_Config
 .text.MX_UART4_Init
                0x0000000008001300       0x70 Core/Src/main.o
 .text.MX_DMA_Init
                0x0000000008001370       0x3c Core/Src/main.o
 .text.MX_GPIO_Init
                0x00000000080013ac       0xd8 Core/Src/main.o
 .text.Error_Handler
                0x0000000008001484        0xa Core/Src/main.o
                0x0000000008001484                Error_Handler
 *fill*         0x000000000800148e        0x2 
 .text.HAL_MspInit
                0x0000000008001490       0x48 Core/Src/stm32f7xx_hal_msp.o
                0x0000000008001490                HAL_MspInit
 .text.HAL_UART_MspInit
                0x00000000080014d8      0x138 Core/Src/stm32f7xx_hal_msp.o
                0x00000000080014d8                HAL_UART_MspInit
 .text.NMI_Handler
                0x0000000008001610        0x6 Core/Src/stm32f7xx_it.o
                0x0000000008001610                NMI_Handler
 .text.HardFault_Handler
                0x0000000008001616        0x6 Core/Src/stm32f7xx_it.o
                0x0000000008001616                HardFault_Handler
 .text.MemManage_Handler
                0x000000000800161c        0x6 Core/Src/stm32f7xx_it.o
                0x000000000800161c                MemManage_Handler
 .text.BusFault_Handler
                0x0000000008001622        0x6 Core/Src/stm32f7xx_it.o
                0x0000000008001622                BusFault_Handler
 .text.UsageFault_Handler
                0x0000000008001628        0x6 Core/Src/stm32f7xx_it.o
                0x0000000008001628                UsageFault_Handler
 .text.SVC_Handler
                0x000000000800162e        0xe Core/Src/stm32f7xx_it.o
                0x000000000800162e                SVC_Handler
 .text.DebugMon_Handler
                0x000000000800163c        0xe Core/Src/stm32f7xx_it.o
                0x000000000800163c                DebugMon_Handler
 .text.PendSV_Handler
                0x000000000800164a        0xe Core/Src/stm32f7xx_it.o
                0x000000000800164a                PendSV_Handler
 .text.SysTick_Handler
                0x0000000008001658        0xc Core/Src/stm32f7xx_it.o
                0x0000000008001658                SysTick_Handler
 .text.DMA1_Stream2_IRQHandler
                0x0000000008001664       0x14 Core/Src/stm32f7xx_it.o
                0x0000000008001664                DMA1_Stream2_IRQHandler
 .text.UART4_IRQHandler
                0x0000000008001678       0x14 Core/Src/stm32f7xx_it.o
                0x0000000008001678                UART4_IRQHandler
 .text.SystemInit
                0x000000000800168c       0x24 Core/Src/system_stm32f7xx.o
                0x000000000800168c                SystemInit
 .text.Reset_Handler
                0x00000000080016b0       0x50 Core/Startup/startup_stm32f765zgtx.o
                0x00000000080016b0                Reset_Handler
 .text.Default_Handler
                0x0000000008001700        0x2 Core/Startup/startup_stm32f765zgtx.o
                0x0000000008001700                DMA1_Stream3_IRQHandler
                0x0000000008001700                EXTI2_IRQHandler
                0x0000000008001700                TIM8_CC_IRQHandler
                0x0000000008001700                UART8_IRQHandler
                0x0000000008001700                SPI4_IRQHandler
                0x0000000008001700                TIM1_CC_IRQHandler
                0x0000000008001700                DMA2_Stream5_IRQHandler
                0x0000000008001700                DMA1_Stream5_IRQHandler
                0x0000000008001700                CAN3_RX1_IRQHandler
                0x0000000008001700                PVD_IRQHandler
                0x0000000008001700                TAMP_STAMP_IRQHandler
                0x0000000008001700                CAN2_RX1_IRQHandler
                0x0000000008001700                EXTI3_IRQHandler
                0x0000000008001700                TIM8_TRG_COM_TIM14_IRQHandler
                0x0000000008001700                DFSDM1_FLT1_IRQHandler
                0x0000000008001700                TIM1_UP_TIM10_IRQHandler
                0x0000000008001700                TIM8_UP_TIM13_IRQHandler
                0x0000000008001700                I2C3_ER_IRQHandler
                0x0000000008001700                DFSDM1_FLT2_IRQHandler
                0x0000000008001700                EXTI0_IRQHandler
                0x0000000008001700                I2C2_EV_IRQHandler
                0x0000000008001700                CAN1_RX0_IRQHandler
                0x0000000008001700                FPU_IRQHandler
                0x0000000008001700                OTG_HS_WKUP_IRQHandler
                0x0000000008001700                CAN3_SCE_IRQHandler
                0x0000000008001700                CAN2_SCE_IRQHandler
                0x0000000008001700                DMA2_Stream2_IRQHandler
                0x0000000008001700                SPI1_IRQHandler
                0x0000000008001700                TIM6_DAC_IRQHandler
                0x0000000008001700                TIM1_BRK_TIM9_IRQHandler
                0x0000000008001700                DCMI_IRQHandler
                0x0000000008001700                CAN2_RX0_IRQHandler
                0x0000000008001700                DMA2_Stream3_IRQHandler
                0x0000000008001700                SAI2_IRQHandler
                0x0000000008001700                DFSDM1_FLT3_IRQHandler
                0x0000000008001700                USART6_IRQHandler
                0x0000000008001700                CAN3_RX0_IRQHandler
                0x0000000008001700                USART3_IRQHandler
                0x0000000008001700                CAN1_RX1_IRQHandler
                0x0000000008001700                UART5_IRQHandler
                0x0000000008001700                DMA2_Stream0_IRQHandler
                0x0000000008001700                TIM4_IRQHandler
                0x0000000008001700                QUADSPI_IRQHandler
                0x0000000008001700                I2C1_EV_IRQHandler
                0x0000000008001700                DMA1_Stream6_IRQHandler
                0x0000000008001700                DMA1_Stream1_IRQHandler
                0x0000000008001700                TIM3_IRQHandler
                0x0000000008001700                RCC_IRQHandler
                0x0000000008001700                TIM8_BRK_TIM12_IRQHandler
                0x0000000008001700                Default_Handler
                0x0000000008001700                CEC_IRQHandler
                0x0000000008001700                EXTI15_10_IRQHandler
                0x0000000008001700                ADC_IRQHandler
                0x0000000008001700                DMA1_Stream7_IRQHandler
                0x0000000008001700                SPI5_IRQHandler
                0x0000000008001700                TIM7_IRQHandler
                0x0000000008001700                SDMMC1_IRQHandler
                0x0000000008001700                CAN2_TX_IRQHandler
                0x0000000008001700                TIM5_IRQHandler
                0x0000000008001700                DMA2_Stream7_IRQHandler
                0x0000000008001700                I2C3_EV_IRQHandler
                0x0000000008001700                EXTI9_5_IRQHandler
                0x0000000008001700                RTC_WKUP_IRQHandler
                0x0000000008001700                ETH_WKUP_IRQHandler
                0x0000000008001700                SPDIF_RX_IRQHandler
                0x0000000008001700                SPI2_IRQHandler
                0x0000000008001700                OTG_HS_EP1_IN_IRQHandler
                0x0000000008001700                DMA1_Stream0_IRQHandler
                0x0000000008001700                CAN1_TX_IRQHandler
                0x0000000008001700                EXTI4_IRQHandler
                0x0000000008001700                RNG_IRQHandler
                0x0000000008001700                ETH_IRQHandler
                0x0000000008001700                OTG_HS_EP1_OUT_IRQHandler
                0x0000000008001700                WWDG_IRQHandler
                0x0000000008001700                SPI6_IRQHandler
                0x0000000008001700                MDIOS_IRQHandler
                0x0000000008001700                I2C4_EV_IRQHandler
                0x0000000008001700                CAN3_TX_IRQHandler
                0x0000000008001700                TIM2_IRQHandler
                0x0000000008001700                OTG_FS_WKUP_IRQHandler
                0x0000000008001700                TIM1_TRG_COM_TIM11_IRQHandler
                0x0000000008001700                OTG_HS_IRQHandler
                0x0000000008001700                DMA2D_IRQHandler
                0x0000000008001700                EXTI1_IRQHandler
                0x0000000008001700                SDMMC2_IRQHandler
                0x0000000008001700                UART7_IRQHandler
                0x0000000008001700                USART2_IRQHandler
                0x0000000008001700                DFSDM1_FLT0_IRQHandler
                0x0000000008001700                I2C2_ER_IRQHandler
                0x0000000008001700                DMA2_Stream1_IRQHandler
                0x0000000008001700                CAN1_SCE_IRQHandler
                0x0000000008001700                FLASH_IRQHandler
                0x0000000008001700                DMA2_Stream4_IRQHandler
                0x0000000008001700                USART1_IRQHandler
                0x0000000008001700                OTG_FS_IRQHandler
                0x0000000008001700                SPI3_IRQHandler
                0x0000000008001700                DMA1_Stream4_IRQHandler
                0x0000000008001700                I2C1_ER_IRQHandler
                0x0000000008001700                FMC_IRQHandler
                0x0000000008001700                LPTIM1_IRQHandler
                0x0000000008001700                I2C4_ER_IRQHandler
                0x0000000008001700                DMA2_Stream6_IRQHandler
                0x0000000008001700                SAI1_IRQHandler
                0x0000000008001700                RTC_Alarm_IRQHandler
 .text.HAL_Init
                0x0000000008001702       0x1a Drivers/STM32F7xx_HAL_Driver/Src/stm32f7xx_hal.o
                0x0000000008001702                HAL_Init
 .text.HAL_InitTick
                0x000000000800171c       0x60 Drivers/STM32F7xx_HAL_Driver/Src/stm32f7xx_hal.o
                0x000000000800171c                HAL_InitTick
 .text.HAL_IncTick
                0x000000000800177c       0x28 Drivers/STM32F7xx_HAL_Driver/Src/stm32f7xx_hal.o
                0x000000000800177c                HAL_IncTick
 .text.HAL_GetTick
                0x00000000080017a4       0x18 Drivers/STM32F7xx_HAL_Driver/Src/stm32f7xx_hal.o
                0x00000000080017a4                HAL_GetTick
 .text.HAL_Delay
                0x00000000080017bc       0x48 Drivers/STM32F7xx_HAL_Driver/Src/stm32f7xx_hal.o
                0x00000000080017bc                HAL_Delay
 .text.__NVIC_SetPriorityGrouping
                0x0000000008001804       0x48 Drivers/STM32F7xx_HAL_Driver/Src/stm32f7xx_hal_cortex.o
 .text.__NVIC_GetPriorityGrouping
                0x000000000800184c       0x1c Drivers/STM32F7xx_HAL_Driver/Src/stm32f7xx_hal_cortex.o
 .text.__NVIC_EnableIRQ
                0x0000000008001868       0x3c Drivers/STM32F7xx_HAL_Driver/Src/stm32f7xx_hal_cortex.o
 .text.__NVIC_SetPriority
                0x00000000080018a4       0x54 Drivers/STM32F7xx_HAL_Driver/Src/stm32f7xx_hal_cortex.o
 .text.NVIC_EncodePriority
                0x00000000080018f8       0x66 Drivers/STM32F7xx_HAL_Driver/Src/stm32f7xx_hal_cortex.o
 *fill*         0x000000000800195e        0x2 
 .text.SysTick_Config
                0x0000000008001960       0x44 Drivers/STM32F7xx_HAL_Driver/Src/stm32f7xx_hal_cortex.o
 .text.HAL_NVIC_SetPriorityGrouping
                0x00000000080019a4       0x16 Drivers/STM32F7xx_HAL_Driver/Src/stm32f7xx_hal_cortex.o
                0x00000000080019a4                HAL_NVIC_SetPriorityGrouping
 .text.HAL_NVIC_SetPriority
                0x00000000080019ba       0x38 Drivers/STM32F7xx_HAL_Driver/Src/stm32f7xx_hal_cortex.o
                0x00000000080019ba                HAL_NVIC_SetPriority
 .text.HAL_NVIC_EnableIRQ
                0x00000000080019f2       0x1c Drivers/STM32F7xx_HAL_Driver/Src/stm32f7xx_hal_cortex.o
                0x00000000080019f2                HAL_NVIC_EnableIRQ
 .text.HAL_SYSTICK_Config
                0x0000000008001a0e       0x18 Drivers/STM32F7xx_HAL_Driver/Src/stm32f7xx_hal_cortex.o
                0x0000000008001a0e                HAL_SYSTICK_Config
 *fill*         0x0000000008001a26        0x2 
 .text.HAL_DMA_Init
                0x0000000008001a28      0x15c Drivers/STM32F7xx_HAL_Driver/Src/stm32f7xx_hal_dma.o
                0x0000000008001a28                HAL_DMA_Init
 .text.HAL_DMA_Start_IT
                0x0000000008001b84       0xc0 Drivers/STM32F7xx_HAL_Driver/Src/stm32f7xx_hal_dma.o
                0x0000000008001b84                HAL_DMA_Start_IT
 .text.HAL_DMA_Abort
                0x0000000008001c44       0xe0 Drivers/STM32F7xx_HAL_Driver/Src/stm32f7xx_hal_dma.o
                0x0000000008001c44                HAL_DMA_Abort
 .text.HAL_DMA_Abort_IT
                0x0000000008001d24       0x44 Drivers/STM32F7xx_HAL_Driver/Src/stm32f7xx_hal_dma.o
                0x0000000008001d24                HAL_DMA_Abort_IT
 .text.HAL_DMA_IRQHandler
                0x0000000008001d68      0x314 Drivers/STM32F7xx_HAL_Driver/Src/stm32f7xx_hal_dma.o
                0x0000000008001d68                HAL_DMA_IRQHandler
 .text.DMA_SetConfig
                0x000000000800207c       0x5c Drivers/STM32F7xx_HAL_Driver/Src/stm32f7xx_hal_dma.o
 .text.DMA_CalcBaseAndBitshift
                0x00000000080020d8       0x6c Drivers/STM32F7xx_HAL_Driver/Src/stm32f7xx_hal_dma.o
 .text.DMA_CheckFifoParam
                0x0000000008002144       0xf8 Drivers/STM32F7xx_HAL_Driver/Src/stm32f7xx_hal_dma.o
 .text.HAL_GPIO_Init
                0x000000000800223c      0x358 Drivers/STM32F7xx_HAL_Driver/Src/stm32f7xx_hal_gpio.o
                0x000000000800223c                HAL_GPIO_Init
 .text.HAL_GPIO_WritePin
                0x0000000008002594       0x32 Drivers/STM32F7xx_HAL_Driver/Src/stm32f7xx_hal_gpio.o
                0x0000000008002594                HAL_GPIO_WritePin
 .text.HAL_GPIO_TogglePin
                0x00000000080025c6       0x34 Drivers/STM32F7xx_HAL_Driver/Src/stm32f7xx_hal_gpio.o
                0x00000000080025c6                HAL_GPIO_TogglePin
 *fill*         0x00000000080025fa        0x2 
 .text.HAL_RCC_OscConfig
                0x00000000080025fc      0x55c Drivers/STM32F7xx_HAL_Driver/Src/stm32f7xx_hal_rcc.o
                0x00000000080025fc                HAL_RCC_OscConfig
 .text.HAL_RCC_ClockConfig
                0x0000000008002b58      0x1d8 Drivers/STM32F7xx_HAL_Driver/Src/stm32f7xx_hal_rcc.o
                0x0000000008002b58                HAL_RCC_ClockConfig
 .text.HAL_RCC_GetSysClockFreq
                0x0000000008002d30      0x16c Drivers/STM32F7xx_HAL_Driver/Src/stm32f7xx_hal_rcc.o
                0x0000000008002d30                HAL_RCC_GetSysClockFreq
 .text.HAL_RCC_GetHCLKFreq
                0x0000000008002e9c       0x18 Drivers/STM32F7xx_HAL_Driver/Src/stm32f7xx_hal_rcc.o
                0x0000000008002e9c                HAL_RCC_GetHCLKFreq
 .text.HAL_RCC_GetPCLK1Freq
                0x0000000008002eb4       0x28 Drivers/STM32F7xx_HAL_Driver/Src/stm32f7xx_hal_rcc.o
                0x0000000008002eb4                HAL_RCC_GetPCLK1Freq
 .text.HAL_RCC_GetPCLK2Freq
                0x0000000008002edc       0x28 Drivers/STM32F7xx_HAL_Driver/Src/stm32f7xx_hal_rcc.o
                0x0000000008002edc                HAL_RCC_GetPCLK2Freq
 .text.HAL_RCCEx_PeriphCLKConfig
                0x0000000008002f04      0x7e0 Drivers/STM32F7xx_HAL_Driver/Src/stm32f7xx_hal_rcc_ex.o
                0x0000000008002f04                HAL_RCCEx_PeriphCLKConfig
 .text.HAL_UART_Init
                0x00000000080036e4       0x9c Drivers/STM32F7xx_HAL_Driver/Src/stm32f7xx_hal_uart.o
                0x00000000080036e4                HAL_UART_Init
 .text.HAL_UART_Transmit
                0x0000000008003780      0x126 Drivers/STM32F7xx_HAL_Driver/Src/stm32f7xx_hal_uart.o
                0x0000000008003780                HAL_UART_Transmit
 .text.HAL_UART_Receive_DMA
                0x00000000080038a6       0x7a Drivers/STM32F7xx_HAL_Driver/Src/stm32f7xx_hal_uart.o
                0x00000000080038a6                HAL_UART_Receive_DMA
 .text.HAL_UART_IRQHandler
                0x0000000008003920      0x400 Drivers/STM32F7xx_HAL_Driver/Src/stm32f7xx_hal_uart.o
                0x0000000008003920                HAL_UART_IRQHandler
 .text.HAL_UART_TxCpltCallback
                0x0000000008003d20       0x14 Drivers/STM32F7xx_HAL_Driver/Src/stm32f7xx_hal_uart.o
                0x0000000008003d20                HAL_UART_TxCpltCallback
 .text.HAL_UART_RxHalfCpltCallback
                0x0000000008003d34       0x14 Drivers/STM32F7xx_HAL_Driver/Src/stm32f7xx_hal_uart.o
                0x0000000008003d34                HAL_UART_RxHalfCpltCallback
 .text.HAL_UART_ErrorCallback
                0x0000000008003d48       0x14 Drivers/STM32F7xx_HAL_Driver/Src/stm32f7xx_hal_uart.o
                0x0000000008003d48                HAL_UART_ErrorCallback
 .text.HAL_UARTEx_RxEventCallback
                0x0000000008003d5c       0x18 Drivers/STM32F7xx_HAL_Driver/Src/stm32f7xx_hal_uart.o
                0x0000000008003d5c                HAL_UARTEx_RxEventCallback
 .text.HAL_UARTEx_WakeupCallback
                0x0000000008003d74       0x14 Drivers/STM32F7xx_HAL_Driver/Src/stm32f7xx_hal_uart.o
                0x0000000008003d74                HAL_UARTEx_WakeupCallback
 .text.UART_SetConfig
                0x0000000008003d88      0x4c4 Drivers/STM32F7xx_HAL_Driver/Src/stm32f7xx_hal_uart.o
                0x0000000008003d88                UART_SetConfig
 .text.UART_AdvFeatureConfig
                0x000000000800424c      0x144 Drivers/STM32F7xx_HAL_Driver/Src/stm32f7xx_hal_uart.o
                0x000000000800424c                UART_AdvFeatureConfig
 .text.UART_CheckIdleState
                0x0000000008004390       0x92 Drivers/STM32F7xx_HAL_Driver/Src/stm32f7xx_hal_uart.o
                0x0000000008004390                UART_CheckIdleState
 .text.UART_WaitOnFlagUntilTimeout
                0x0000000008004422       0xf8 Drivers/STM32F7xx_HAL_Driver/Src/stm32f7xx_hal_uart.o
                0x0000000008004422                UART_WaitOnFlagUntilTimeout
 *fill*         0x000000000800451a        0x2 
 .text.UART_Start_Receive_DMA
                0x000000000800451c       0xd8 Drivers/STM32F7xx_HAL_Driver/Src/stm32f7xx_hal_uart.o
                0x000000000800451c                UART_Start_Receive_DMA
 .text.UART_EndTxTransfer
                0x00000000080045f4       0x2a Drivers/STM32F7xx_HAL_Driver/Src/stm32f7xx_hal_uart.o
 .text.UART_EndRxTransfer
                0x000000000800461e       0x5e Drivers/STM32F7xx_HAL_Driver/Src/stm32f7xx_hal_uart.o
 .text.UART_DMAReceiveCplt
                0x000000000800467c       0x94 Drivers/STM32F7xx_HAL_Driver/Src/stm32f7xx_hal_uart.o
 .text.UART_DMARxHalfCplt
                0x0000000008004710       0x38 Drivers/STM32F7xx_HAL_Driver/Src/stm32f7xx_hal_uart.o
 .text.UART_DMAError
                0x0000000008004748       0x7c Drivers/STM32F7xx_HAL_Driver/Src/stm32f7xx_hal_uart.o
 .text.UART_DMAAbortOnError
                0x00000000080047c4       0x2c Drivers/STM32F7xx_HAL_Driver/Src/stm32f7xx_hal_uart.o
 .text.UART_EndTransmit_IT
                0x00000000080047f0       0x32 Drivers/STM32F7xx_HAL_Driver/Src/stm32f7xx_hal_uart.o
 *fill*         0x0000000008004822        0x2 
 .text.__libc_init_array
                0x0000000008004824       0x48 /Applications/STM32CubeIDE.app/Contents/Eclipse/plugins/com.st.stm32cube.ide.mcu.externaltools.gnu-tools-for-stm32.9-2020-q2-update.macos64_1.5.0.202011040924/tools/bin/../lib/gcc/arm-none-eabi/9.3.1/../../../../arm-none-eabi/lib/thumb/v7e-m+dp/hard/libc_nano.a(lib_a-init.o)
                0x0000000008004824                __libc_init_array
 .text.memcpy   0x000000000800486c       0x1c /Applications/STM32CubeIDE.app/Contents/Eclipse/plugins/com.st.stm32cube.ide.mcu.externaltools.gnu-tools-for-stm32.9-2020-q2-update.macos64_1.5.0.202011040924/tools/bin/../lib/gcc/arm-none-eabi/9.3.1/../../../../arm-none-eabi/lib/thumb/v7e-m+dp/hard/libc_nano.a(lib_a-memcpy-stub.o)
                0x000000000800486c                memcpy
 .text.memset   0x0000000008004888       0x10 /Applications/STM32CubeIDE.app/Contents/Eclipse/plugins/com.st.stm32cube.ide.mcu.externaltools.gnu-tools-for-stm32.9-2020-q2-update.macos64_1.5.0.202011040924/tools/bin/../lib/gcc/arm-none-eabi/9.3.1/../../../../arm-none-eabi/lib/thumb/v7e-m+dp/hard/libc_nano.a(lib_a-memset.o)
                0x0000000008004888                memset
 .text.strncmp  0x0000000008004898       0x24 /Applications/STM32CubeIDE.app/Contents/Eclipse/plugins/com.st.stm32cube.ide.mcu.externaltools.gnu-tools-for-stm32.9-2020-q2-update.macos64_1.5.0.202011040924/tools/bin/../lib/gcc/arm-none-eabi/9.3.1/../../../../arm-none-eabi/lib/thumb/v7e-m+dp/hard/libc_nano.a(lib_a-strncmp.o)
                0x0000000008004898                strncmp
 *(.glue_7)
 .glue_7        0x00000000080048bc        0x0 linker stubs
 *(.glue_7t)
 .glue_7t       0x00000000080048bc        0x0 linker stubs
 *(.eh_frame)
 .eh_frame      0x00000000080048bc        0x0 /Applications/STM32CubeIDE.app/Contents/Eclipse/plugins/com.st.stm32cube.ide.mcu.externaltools.gnu-tools-for-stm32.9-2020-q2-update.macos64_1.5.0.202011040924/tools/bin/../lib/gcc/arm-none-eabi/9.3.1/thumb/v7e-m+dp/hard/crtbegin.o
 *(.init)
 .init          0x00000000080048bc        0x4 /Applications/STM32CubeIDE.app/Contents/Eclipse/plugins/com.st.stm32cube.ide.mcu.externaltools.gnu-tools-for-stm32.9-2020-q2-update.macos64_1.5.0.202011040924/tools/bin/../lib/gcc/arm-none-eabi/9.3.1/thumb/v7e-m+dp/hard/crti.o
                0x00000000080048bc                _init
 .init          0x00000000080048c0        0x8 /Applications/STM32CubeIDE.app/Contents/Eclipse/plugins/com.st.stm32cube.ide.mcu.externaltools.gnu-tools-for-stm32.9-2020-q2-update.macos64_1.5.0.202011040924/tools/bin/../lib/gcc/arm-none-eabi/9.3.1/thumb/v7e-m+dp/hard/crtn.o
 *(.fini)
 .fini          0x00000000080048c8        0x4 /Applications/STM32CubeIDE.app/Contents/Eclipse/plugins/com.st.stm32cube.ide.mcu.externaltools.gnu-tools-for-stm32.9-2020-q2-update.macos64_1.5.0.202011040924/tools/bin/../lib/gcc/arm-none-eabi/9.3.1/thumb/v7e-m+dp/hard/crti.o
                0x00000000080048c8                _fini
 .fini          0x00000000080048cc        0x8 /Applications/STM32CubeIDE.app/Contents/Eclipse/plugins/com.st.stm32cube.ide.mcu.externaltools.gnu-tools-for-stm32.9-2020-q2-update.macos64_1.5.0.202011040924/tools/bin/../lib/gcc/arm-none-eabi/9.3.1/thumb/v7e-m+dp/hard/crtn.o
                0x00000000080048d4                . = ALIGN (0x4)
                0x00000000080048d4                _etext = .

.vfp11_veneer   0x00000000080048d4        0x0
 .vfp11_veneer  0x00000000080048d4        0x0 linker stubs

.v4_bx          0x00000000080048d4        0x0
 .v4_bx         0x00000000080048d4        0x0 linker stubs

.iplt           0x00000000080048d4        0x0
 .iplt          0x00000000080048d4        0x0 /Applications/STM32CubeIDE.app/Contents/Eclipse/plugins/com.st.stm32cube.ide.mcu.externaltools.gnu-tools-for-stm32.9-2020-q2-update.macos64_1.5.0.202011040924/tools/bin/../lib/gcc/arm-none-eabi/9.3.1/thumb/v7e-m+dp/hard/crtbegin.o

.rodata         0x00000000080048d4      0x2b0
                0x00000000080048d4                . = ALIGN (0x4)
 *(.rodata)
 .rodata        0x00000000080048d4      0x290 Core/Src/gps.o
 *(.rodata*)
 .rodata.AHBPrescTable
                0x0000000008004b64       0x10 Core/Src/system_stm32f7xx.o
                0x0000000008004b64                AHBPrescTable
 .rodata.APBPrescTable
                0x0000000008004b74        0x8 Core/Src/system_stm32f7xx.o
                0x0000000008004b74                APBPrescTable
 .rodata.flagBitshiftOffset.8520
                0x0000000008004b7c        0x8 Drivers/STM32F7xx_HAL_Driver/Src/stm32f7xx_hal_dma.o
                0x0000000008004b84                . = ALIGN (0x4)

.ARM.extab      0x0000000008004b84        0x0
                0x0000000008004b84                . = ALIGN (0x4)
 *(.ARM.extab* .gnu.linkonce.armextab.*)
                0x0000000008004b84                . = ALIGN (0x4)

.ARM            0x0000000008004b84        0x8
                0x0000000008004b84                . = ALIGN (0x4)
                0x0000000008004b84                __exidx_start = .
 *(.ARM.exidx*)
 .ARM.exidx     0x0000000008004b84        0x8 /Applications/STM32CubeIDE.app/Contents/Eclipse/plugins/com.st.stm32cube.ide.mcu.externaltools.gnu-tools-for-stm32.9-2020-q2-update.macos64_1.5.0.202011040924/tools/bin/../lib/gcc/arm-none-eabi/9.3.1/thumb/v7e-m+dp/hard/libgcc.a(_udivmoddi4.o)
                0x0000000008004b8c                __exidx_end = .
                0x0000000008004b8c                . = ALIGN (0x4)

.rel.dyn        0x0000000008004b8c        0x0
 .rel.iplt      0x0000000008004b8c        0x0 /Applications/STM32CubeIDE.app/Contents/Eclipse/plugins/com.st.stm32cube.ide.mcu.externaltools.gnu-tools-for-stm32.9-2020-q2-update.macos64_1.5.0.202011040924/tools/bin/../lib/gcc/arm-none-eabi/9.3.1/thumb/v7e-m+dp/hard/crtbegin.o

.preinit_array  0x0000000008004b8c        0x0
                0x0000000008004b8c                . = ALIGN (0x4)
                0x0000000008004b8c                PROVIDE (__preinit_array_start = .)
 *(.preinit_array*)
                0x0000000008004b8c                PROVIDE (__preinit_array_end = .)
                0x0000000008004b8c                . = ALIGN (0x4)

.init_array     0x0000000008004b8c        0x4
                0x0000000008004b8c                . = ALIGN (0x4)
                0x0000000008004b8c                PROVIDE (__init_array_start = .)
 *(SORT_BY_NAME(.init_array.*))
 *(.init_array*)
 .init_array    0x0000000008004b8c        0x4 /Applications/STM32CubeIDE.app/Contents/Eclipse/plugins/com.st.stm32cube.ide.mcu.externaltools.gnu-tools-for-stm32.9-2020-q2-update.macos64_1.5.0.202011040924/tools/bin/../lib/gcc/arm-none-eabi/9.3.1/thumb/v7e-m+dp/hard/crtbegin.o
                0x0000000008004b90                PROVIDE (__init_array_end = .)
                0x0000000008004b90                . = ALIGN (0x4)

.fini_array     0x0000000008004b90        0x4
                0x0000000008004b90                . = ALIGN (0x4)
                [!provide]                        PROVIDE (__fini_array_start = .)
 *(SORT_BY_NAME(.fini_array.*))
 *(.fini_array*)
 .fini_array    0x0000000008004b90        0x4 /Applications/STM32CubeIDE.app/Contents/Eclipse/plugins/com.st.stm32cube.ide.mcu.externaltools.gnu-tools-for-stm32.9-2020-q2-update.macos64_1.5.0.202011040924/tools/bin/../lib/gcc/arm-none-eabi/9.3.1/thumb/v7e-m+dp/hard/crtbegin.o
                [!provide]                        PROVIDE (__fini_array_end = .)
                0x0000000008004b94                . = ALIGN (0x4)
                0x0000000008004b94                _sidata = LOADADDR (.data)

.data           0x0000000020000000       0x20 load address 0x0000000008004b94
                0x0000000020000000                . = ALIGN (0x4)
                0x0000000020000000                _sdata = .
 *(.data)
 *(.data*)
 .data.PMTK_SET_NMEA_UPDATE_10HZ
                0x0000000020000000        0x4 Core/Src/gps.o
 .data.PMTK_API_SET_FIX_CTL_5HZ
                0x0000000020000004        0x4 Core/Src/gps.o
 .data.PMTK_ENABLE_WAAS
                0x0000000020000008        0x4 Core/Src/gps.o
 .data.PUBX_CONFIG_NMEA
                0x000000002000000c        0x4 Core/Src/gps.o
 .data.rawSatellites.8529
                0x0000000020000010        0x3 Core/Src/gps.o
 *fill*         0x0000000020000013        0x1 
 .data.SystemCoreClock
                0x0000000020000014        0x4 Core/Src/system_stm32f7xx.o
                0x0000000020000014                SystemCoreClock
 .data.uwTickPrio
                0x0000000020000018        0x4 Drivers/STM32F7xx_HAL_Driver/Src/stm32f7xx_hal.o
                0x0000000020000018                uwTickPrio
 .data.uwTickFreq
                0x000000002000001c        0x1 Drivers/STM32F7xx_HAL_Driver/Src/stm32f7xx_hal.o
                0x000000002000001c                uwTickFreq
 *(.RamFunc)
 *(.RamFunc*)
                0x0000000020000020                . = ALIGN (0x4)
 *fill*         0x000000002000001d        0x3 
                0x0000000020000020                _edata = .

.igot.plt       0x0000000020000020        0x0 load address 0x0000000008004bb4
 .igot.plt      0x0000000020000020        0x0 /Applications/STM32CubeIDE.app/Contents/Eclipse/plugins/com.st.stm32cube.ide.mcu.externaltools.gnu-tools-for-stm32.9-2020-q2-update.macos64_1.5.0.202011040924/tools/bin/../lib/gcc/arm-none-eabi/9.3.1/thumb/v7e-m+dp/hard/crtbegin.o
                0x0000000020000020                . = ALIGN (0x4)

.bss            0x0000000020000020     0x1118 load address 0x0000000008004bb4
                0x0000000020000020                _sbss = .
                0x0000000020000020                __bss_start__ = _sbss
 *(.bss)
 .bss           0x0000000020000020       0x1c /Applications/STM32CubeIDE.app/Contents/Eclipse/plugins/com.st.stm32cube.ide.mcu.externaltools.gnu-tools-for-stm32.9-2020-q2-update.macos64_1.5.0.202011040924/tools/bin/../lib/gcc/arm-none-eabi/9.3.1/thumb/v7e-m+dp/hard/crtbegin.o
 *(.bss*)
 .bss.data_available
                0x000000002000003c        0x1 Core/Src/gps.o
 .bss.new_vtg_data
                0x000000002000003d        0x1 Core/Src/gps.o
 .bss.new_gga_data
                0x000000002000003e        0x1 Core/Src/gps.o
 .bss.configured
                0x000000002000003f        0x1 Core/Src/gps.o
 .bss.gga_buffer
                0x0000000020000040      0x3e8 Core/Src/gps.o
 .bss.vtg_buffer
                0x0000000020000428      0x3e8 Core/Src/gps.o
 .bss.uart_buffer
                0x0000000020000810      0x3e8 Core/Src/gps.o
 .bss.a         0x0000000020000bf8      0x3e8 Core/Src/gps.o
 .bss.currently_parsing.8475
                0x0000000020000fe0        0x1 Core/Src/gps.o
 *fill*         0x0000000020000fe1        0x1 
 .bss.buffer_index.8476
                0x0000000020000fe2        0x2 Core/Src/gps.o
 .bss.rawHeading.8496
                0x0000000020000fe4        0x6 Core/Src/gps.o
 *fill*         0x0000000020000fea        0x2 
 .bss.rawGroundSpeed.8497
                0x0000000020000fec        0x8 Core/Src/gps.o
 .bss.rawTime.8526
                0x0000000020000ff4        0xb Core/Src/gps.o
 *fill*         0x0000000020000fff        0x1 
 .bss.rawLatitude.8527
                0x0000000020001000        0xa Core/Src/gps.o
 .bss.latitudeNS.8531
                0x000000002000100a        0x1 Core/Src/gps.o
 *fill*         0x000000002000100b        0x1 
 .bss.rawLongitude.8528
                0x000000002000100c        0xb Core/Src/gps.o
 .bss.longitudeEW.8532
                0x0000000020001017        0x1 Core/Src/gps.o
 .bss.positionFix.8533
                0x0000000020001018        0x1 Core/Src/gps.o
 *fill*         0x0000000020001019        0x3 
 .bss.rawAltitude.8530
                0x000000002000101c        0x8 Core/Src/gps.o
 *(COMMON)
 *fill*         0x0000000020001024        0x4 
 COMMON         0x0000000020001028       0x28 Core/Src/gps.o
                0x0000000020001028                gps_data
 COMMON         0x0000000020001050       0xe4 Core/Src/main.o
                0x0000000020001050                hdma_uart4_rx
                0x00000000200010b0                huart4
 COMMON         0x0000000020001134        0x4 Drivers/STM32F7xx_HAL_Driver/Src/stm32f7xx_hal.o
                0x0000000020001134                uwTick
                0x0000000020001138                . = ALIGN (0x4)
                0x0000000020001138                _ebss = .
                0x0000000020001138                __bss_end__ = _ebss

._user_heap_stack
                0x0000000020001138      0x600 load address 0x0000000008004bb4
                0x0000000020001138                . = ALIGN (0x8)
                [!provide]                        PROVIDE (end = .)
                0x0000000020001138                PROVIDE (_end = .)
                0x0000000020001338                . = (. + _Min_Heap_Size)
 *fill*         0x0000000020001138      0x200 
                0x0000000020001738                . = (. + _Min_Stack_Size)
 *fill*         0x0000000020001338      0x400 
                0x0000000020001738                . = ALIGN (0x8)

/DISCARD/
 libc.a(*)
 libm.a(*)
 libgcc.a(*)

.ARM.attributes
                0x0000000000000000       0x2e
 *(.ARM.attributes)
 .ARM.attributes
                0x0000000000000000       0x1e /Applications/STM32CubeIDE.app/Contents/Eclipse/plugins/com.st.stm32cube.ide.mcu.externaltools.gnu-tools-for-stm32.9-2020-q2-update.macos64_1.5.0.202011040924/tools/bin/../lib/gcc/arm-none-eabi/9.3.1/thumb/v7e-m+dp/hard/crti.o
 .ARM.attributes
                0x000000000000001e       0x32 /Applications/STM32CubeIDE.app/Contents/Eclipse/plugins/com.st.stm32cube.ide.mcu.externaltools.gnu-tools-for-stm32.9-2020-q2-update.macos64_1.5.0.202011040924/tools/bin/../lib/gcc/arm-none-eabi/9.3.1/thumb/v7e-m+dp/hard/crtbegin.o
 .ARM.attributes
                0x0000000000000050       0x32 Core/Src/gps.o
 .ARM.attributes
                0x0000000000000082       0x32 Core/Src/main.o
 .ARM.attributes
                0x00000000000000b4       0x32 Core/Src/stm32f7xx_hal_msp.o
 .ARM.attributes
                0x00000000000000e6       0x32 Core/Src/stm32f7xx_it.o
 .ARM.attributes
                0x0000000000000118       0x32 Core/Src/system_stm32f7xx.o
 .ARM.attributes
                0x000000000000014a       0x21 Core/Startup/startup_stm32f765zgtx.o
 .ARM.attributes
                0x000000000000016b       0x32 Drivers/STM32F7xx_HAL_Driver/Src/stm32f7xx_hal.o
 .ARM.attributes
                0x000000000000019d       0x32 Drivers/STM32F7xx_HAL_Driver/Src/stm32f7xx_hal_cortex.o
 .ARM.attributes
                0x00000000000001cf       0x32 Drivers/STM32F7xx_HAL_Driver/Src/stm32f7xx_hal_dma.o
 .ARM.attributes
                0x0000000000000201       0x32 Drivers/STM32F7xx_HAL_Driver/Src/stm32f7xx_hal_gpio.o
 .ARM.attributes
                0x0000000000000233       0x32 Drivers/STM32F7xx_HAL_Driver/Src/stm32f7xx_hal_rcc.o
 .ARM.attributes
                0x0000000000000265       0x32 Drivers/STM32F7xx_HAL_Driver/Src/stm32f7xx_hal_rcc_ex.o
 .ARM.attributes
                0x0000000000000297       0x32 Drivers/STM32F7xx_HAL_Driver/Src/stm32f7xx_hal_uart.o
 .ARM.attributes
                0x00000000000002c9       0x32 /Applications/STM32CubeIDE.app/Contents/Eclipse/plugins/com.st.stm32cube.ide.mcu.externaltools.gnu-tools-for-stm32.9-2020-q2-update.macos64_1.5.0.202011040924/tools/bin/../lib/gcc/arm-none-eabi/9.3.1/../../../../arm-none-eabi/lib/thumb/v7e-m+dp/hard/libc_nano.a(lib_a-init.o)
 .ARM.attributes
                0x00000000000002fb       0x32 /Applications/STM32CubeIDE.app/Contents/Eclipse/plugins/com.st.stm32cube.ide.mcu.externaltools.gnu-tools-for-stm32.9-2020-q2-update.macos64_1.5.0.202011040924/tools/bin/../lib/gcc/arm-none-eabi/9.3.1/../../../../arm-none-eabi/lib/thumb/v7e-m+dp/hard/libc_nano.a(lib_a-memcpy-stub.o)
 .ARM.attributes
                0x000000000000032d       0x32 /Applications/STM32CubeIDE.app/Contents/Eclipse/plugins/com.st.stm32cube.ide.mcu.externaltools.gnu-tools-for-stm32.9-2020-q2-update.macos64_1.5.0.202011040924/tools/bin/../lib/gcc/arm-none-eabi/9.3.1/../../../../arm-none-eabi/lib/thumb/v7e-m+dp/hard/libc_nano.a(lib_a-memset.o)
 .ARM.attributes
                0x000000000000035f       0x32 /Applications/STM32CubeIDE.app/Contents/Eclipse/plugins/com.st.stm32cube.ide.mcu.externaltools.gnu-tools-for-stm32.9-2020-q2-update.macos64_1.5.0.202011040924/tools/bin/../lib/gcc/arm-none-eabi/9.3.1/../../../../arm-none-eabi/lib/thumb/v7e-m+dp/hard/libc_nano.a(lib_a-strncmp.o)
 .ARM.attributes
                0x0000000000000391       0x1e /Applications/STM32CubeIDE.app/Contents/Eclipse/plugins/com.st.stm32cube.ide.mcu.externaltools.gnu-tools-for-stm32.9-2020-q2-update.macos64_1.5.0.202011040924/tools/bin/../lib/gcc/arm-none-eabi/9.3.1/thumb/v7e-m+dp/hard/libgcc.a(_aeabi_uldivmod.o)
 .ARM.attributes
                0x00000000000003af       0x32 /Applications/STM32CubeIDE.app/Contents/Eclipse/plugins/com.st.stm32cube.ide.mcu.externaltools.gnu-tools-for-stm32.9-2020-q2-update.macos64_1.5.0.202011040924/tools/bin/../lib/gcc/arm-none-eabi/9.3.1/thumb/v7e-m+dp/hard/libgcc.a(_udivmoddi4.o)
 .ARM.attributes
                0x00000000000003e1       0x1e /Applications/STM32CubeIDE.app/Contents/Eclipse/plugins/com.st.stm32cube.ide.mcu.externaltools.gnu-tools-for-stm32.9-2020-q2-update.macos64_1.5.0.202011040924/tools/bin/../lib/gcc/arm-none-eabi/9.3.1/thumb/v7e-m+dp/hard/libgcc.a(_dvmd_tls.o)
 .ARM.attributes
                0x00000000000003ff       0x1e /Applications/STM32CubeIDE.app/Contents/Eclipse/plugins/com.st.stm32cube.ide.mcu.externaltools.gnu-tools-for-stm32.9-2020-q2-update.macos64_1.5.0.202011040924/tools/bin/../lib/gcc/arm-none-eabi/9.3.1/thumb/v7e-m+dp/hard/crtn.o
OUTPUT(GPS_Debug.elf elf32-littlearm)
LOAD linker stubs
LOAD /Applications/STM32CubeIDE.app/Contents/Eclipse/plugins/com.st.stm32cube.ide.mcu.externaltools.gnu-tools-for-stm32.9-2020-q2-update.macos64_1.5.0.202011040924/tools/bin/../lib/gcc/arm-none-eabi/9.3.1/../../../../arm-none-eabi/lib/thumb/v7e-m+dp/hard/libc.a
LOAD /Applications/STM32CubeIDE.app/Contents/Eclipse/plugins/com.st.stm32cube.ide.mcu.externaltools.gnu-tools-for-stm32.9-2020-q2-update.macos64_1.5.0.202011040924/tools/bin/../lib/gcc/arm-none-eabi/9.3.1/../../../../arm-none-eabi/lib/thumb/v7e-m+dp/hard/libm.a
LOAD /Applications/STM32CubeIDE.app/Contents/Eclipse/plugins/com.st.stm32cube.ide.mcu.externaltools.gnu-tools-for-stm32.9-2020-q2-update.macos64_1.5.0.202011040924/tools/bin/../lib/gcc/arm-none-eabi/9.3.1/thumb/v7e-m+dp/hard/libgcc.a

.debug_info     0x0000000000000000     0x9a94
 .debug_info    0x0000000000000000      0xebc Core/Src/gps.o
 .debug_info    0x0000000000000ebc     0x139b Core/Src/main.o
 .debug_info    0x0000000000002257      0xe15 Core/Src/stm32f7xx_hal_msp.o
 .debug_info    0x000000000000306c      0x817 Core/Src/stm32f7xx_it.o
 .debug_info    0x0000000000003883      0x7ad Core/Src/system_stm32f7xx.o
 .debug_info    0x0000000000004030       0x22 Core/Startup/startup_stm32f765zgtx.o
 .debug_info    0x0000000000004052      0xaa6 Drivers/STM32F7xx_HAL_Driver/Src/stm32f7xx_hal.o
 .debug_info    0x0000000000004af8     0x1146 Drivers/STM32F7xx_HAL_Driver/Src/stm32f7xx_hal_cortex.o
 .debug_info    0x0000000000005c3e      0x9f1 Drivers/STM32F7xx_HAL_Driver/Src/stm32f7xx_hal_dma.o
 .debug_info    0x000000000000662f      0x876 Drivers/STM32F7xx_HAL_Driver/Src/stm32f7xx_hal_gpio.o
 .debug_info    0x0000000000006ea5      0xa28 Drivers/STM32F7xx_HAL_Driver/Src/stm32f7xx_hal_rcc.o
 .debug_info    0x00000000000078cd      0x853 Drivers/STM32F7xx_HAL_Driver/Src/stm32f7xx_hal_rcc_ex.o
 .debug_info    0x0000000000008120     0x1974 Drivers/STM32F7xx_HAL_Driver/Src/stm32f7xx_hal_uart.o

.debug_abbrev   0x0000000000000000     0x19a4
 .debug_abbrev  0x0000000000000000      0x2cb Core/Src/gps.o
 .debug_abbrev  0x00000000000002cb      0x22b Core/Src/main.o
 .debug_abbrev  0x00000000000004f6      0x1b5 Core/Src/stm32f7xx_hal_msp.o
 .debug_abbrev  0x00000000000006ab      0x163 Core/Src/stm32f7xx_it.o
 .debug_abbrev  0x000000000000080e      0x165 Core/Src/system_stm32f7xx.o
 .debug_abbrev  0x0000000000000973       0x12 Core/Startup/startup_stm32f765zgtx.o
 .debug_abbrev  0x0000000000000985      0x1ed Drivers/STM32F7xx_HAL_Driver/Src/stm32f7xx_hal.o
 .debug_abbrev  0x0000000000000b72      0x33c Drivers/STM32F7xx_HAL_Driver/Src/stm32f7xx_hal_cortex.o
 .debug_abbrev  0x0000000000000eae      0x259 Drivers/STM32F7xx_HAL_Driver/Src/stm32f7xx_hal_dma.o
 .debug_abbrev  0x0000000000001107      0x1f1 Drivers/STM32F7xx_HAL_Driver/Src/stm32f7xx_hal_gpio.o
 .debug_abbrev  0x00000000000012f8      0x29c Drivers/STM32F7xx_HAL_Driver/Src/stm32f7xx_hal_rcc.o
 .debug_abbrev  0x0000000000001594      0x1d1 Drivers/STM32F7xx_HAL_Driver/Src/stm32f7xx_hal_rcc_ex.o
 .debug_abbrev  0x0000000000001765      0x23f Drivers/STM32F7xx_HAL_Driver/Src/stm32f7xx_hal_uart.o

.debug_aranges  0x0000000000000000      0x7b8
 .debug_aranges
                0x0000000000000000       0x68 Core/Src/gps.o
 .debug_aranges
                0x0000000000000068       0x48 Core/Src/main.o
 .debug_aranges
                0x00000000000000b0       0x30 Core/Src/stm32f7xx_hal_msp.o
 .debug_aranges
                0x00000000000000e0       0x70 Core/Src/stm32f7xx_it.o
 .debug_aranges
                0x0000000000000150       0x28 Core/Src/system_stm32f7xx.o
 .debug_aranges
                0x0000000000000178       0x28 Core/Startup/startup_stm32f765zgtx.o
 .debug_aranges
                0x00000000000001a0      0x110 Drivers/STM32F7xx_HAL_Driver/Src/stm32f7xx_hal.o
 .debug_aranges
                0x00000000000002b0      0x118 Drivers/STM32F7xx_HAL_Driver/Src/stm32f7xx_hal_cortex.o
 .debug_aranges
                0x00000000000003c8       0x90 Drivers/STM32F7xx_HAL_Driver/Src/stm32f7xx_hal_dma.o
 .debug_aranges
                0x0000000000000458       0x58 Drivers/STM32F7xx_HAL_Driver/Src/stm32f7xx_hal_gpio.o
 .debug_aranges
                0x00000000000004b0       0x88 Drivers/STM32F7xx_HAL_Driver/Src/stm32f7xx_hal_rcc.o
 .debug_aranges
                0x0000000000000538       0x50 Drivers/STM32F7xx_HAL_Driver/Src/stm32f7xx_hal_rcc_ex.o
 .debug_aranges
                0x0000000000000588      0x230 Drivers/STM32F7xx_HAL_Driver/Src/stm32f7xx_hal_uart.o

.debug_ranges   0x0000000000000000      0x720
 .debug_ranges  0x0000000000000000       0x58 Core/Src/gps.o
 .debug_ranges  0x0000000000000058       0x38 Core/Src/main.o
 .debug_ranges  0x0000000000000090       0x20 Core/Src/stm32f7xx_hal_msp.o
 .debug_ranges  0x00000000000000b0       0x60 Core/Src/stm32f7xx_it.o
 .debug_ranges  0x0000000000000110       0x18 Core/Src/system_stm32f7xx.o
 .debug_ranges  0x0000000000000128       0x20 Core/Startup/startup_stm32f765zgtx.o
 .debug_ranges  0x0000000000000148      0x100 Drivers/STM32F7xx_HAL_Driver/Src/stm32f7xx_hal.o
 .debug_ranges  0x0000000000000248      0x108 Drivers/STM32F7xx_HAL_Driver/Src/stm32f7xx_hal_cortex.o
 .debug_ranges  0x0000000000000350       0x80 Drivers/STM32F7xx_HAL_Driver/Src/stm32f7xx_hal_dma.o
 .debug_ranges  0x00000000000003d0       0x48 Drivers/STM32F7xx_HAL_Driver/Src/stm32f7xx_hal_gpio.o
 .debug_ranges  0x0000000000000418       0x78 Drivers/STM32F7xx_HAL_Driver/Src/stm32f7xx_hal_rcc.o
 .debug_ranges  0x0000000000000490       0x40 Drivers/STM32F7xx_HAL_Driver/Src/stm32f7xx_hal_rcc_ex.o
 .debug_ranges  0x00000000000004d0      0x250 Drivers/STM32F7xx_HAL_Driver/Src/stm32f7xx_hal_uart.o

.debug_macro    0x0000000000000000    0x24f5e
 .debug_macro   0x0000000000000000      0x200 Core/Src/gps.o
 .debug_macro   0x0000000000000200      0xac0 Core/Src/gps.o
 .debug_macro   0x0000000000000cc0       0x22 Core/Src/gps.o
 .debug_macro   0x0000000000000ce2       0x8e Core/Src/gps.o
 .debug_macro   0x0000000000000d70       0x51 Core/Src/gps.o
 .debug_macro   0x0000000000000dc1      0x103 Core/Src/gps.o
 .debug_macro   0x0000000000000ec4       0x6a Core/Src/gps.o
 .debug_macro   0x0000000000000f2e      0x1df Core/Src/gps.o
 .debug_macro   0x000000000000110d       0x22 Core/Src/gps.o
 .debug_macro   0x000000000000112f      0x28d Core/Src/gps.o
 .debug_macro   0x00000000000013bc       0x2e Core/Src/gps.o
 .debug_macro   0x00000000000013ea       0x3b Core/Src/gps.o
 .debug_macro   0x0000000000001425       0x1c Core/Src/gps.o
 .debug_macro   0x0000000000001441       0x22 Core/Src/gps.o
 .debug_macro   0x0000000000001463       0xdf Core/Src/gps.o
 .debug_macro   0x0000000000001542     0x12cd Core/Src/gps.o
 .debug_macro   0x000000000000280f      0x11f Core/Src/gps.o
 .debug_macro   0x000000000000292e       0x19 Core/Src/gps.o
 .debug_macro   0x0000000000002947    0x19adb Core/Src/gps.o
 .debug_macro   0x000000000001c422       0x43 Core/Src/gps.o
 .debug_macro   0x000000000001c465     0x36c9 Core/Src/gps.o
 .debug_macro   0x000000000001fb2e      0x174 Core/Src/gps.o
 .debug_macro   0x000000000001fca2       0x63 Core/Src/gps.o
 .debug_macro   0x000000000001fd05     0x1a43 Core/Src/gps.o
 .debug_macro   0x0000000000021748      0x6c4 Core/Src/gps.o
 .debug_macro   0x0000000000021e0c      0x18b Core/Src/gps.o
 .debug_macro   0x0000000000021f97      0x117 Core/Src/gps.o
 .debug_macro   0x00000000000220ae      0x25a Core/Src/gps.o
 .debug_macro   0x0000000000022308       0x27 Core/Src/gps.o
 .debug_macro   0x000000000002232f      0x24f Core/Src/gps.o
 .debug_macro   0x000000000002257e       0x71 Core/Src/gps.o
 .debug_macro   0x00000000000225ef       0x58 Core/Src/gps.o
 .debug_macro   0x0000000000022647      0x236 Core/Src/gps.o
 .debug_macro   0x000000000002287d      0x14f Core/Src/gps.o
 .debug_macro   0x00000000000229cc      0x3dc Core/Src/gps.o
 .debug_macro   0x0000000000022da8       0x12 Core/Src/gps.o
 .debug_macro   0x0000000000022dba      0x22c Core/Src/gps.o
 .debug_macro   0x0000000000022fe6       0x61 Core/Src/gps.o
 .debug_macro   0x0000000000023047       0xa5 Core/Src/gps.o
 .debug_macro   0x00000000000230ec      0x12f Core/Src/gps.o
 .debug_macro   0x000000000002321b      0x108 Core/Src/gps.o
 .debug_macro   0x0000000000023323       0x35 Core/Src/gps.o
 .debug_macro   0x0000000000023358      0x5a5 Core/Src/gps.o
 .debug_macro   0x00000000000238fd       0x44 Core/Src/gps.o
 .debug_macro   0x0000000000023941      0x15c Core/Src/gps.o
 .debug_macro   0x0000000000023a9d      0x1ec Core/Src/main.o
 .debug_macro   0x0000000000023c89      0x1d9 Core/Src/stm32f7xx_hal_msp.o
 .debug_macro   0x0000000000023e62      0x1e3 Core/Src/stm32f7xx_it.o
 .debug_macro   0x0000000000024045      0x1cf Core/Src/system_stm32f7xx.o
 .debug_macro   0x0000000000024214      0x1f3 Drivers/STM32F7xx_HAL_Driver/Src/stm32f7xx_hal.o
 .debug_macro   0x0000000000024407      0x1cf Drivers/STM32F7xx_HAL_Driver/Src/stm32f7xx_hal_cortex.o
 .debug_macro   0x00000000000245d6      0x1d5 Drivers/STM32F7xx_HAL_Driver/Src/stm32f7xx_hal_dma.o
 .debug_macro   0x00000000000247ab      0x205 Drivers/STM32F7xx_HAL_Driver/Src/stm32f7xx_hal_gpio.o
 .debug_macro   0x00000000000249b0      0x1f3 Drivers/STM32F7xx_HAL_Driver/Src/stm32f7xx_hal_rcc.o
 .debug_macro   0x0000000000024ba3      0x1cf Drivers/STM32F7xx_HAL_Driver/Src/stm32f7xx_hal_rcc_ex.o
 .debug_macro   0x0000000000024d72      0x1ec Drivers/STM32F7xx_HAL_Driver/Src/stm32f7xx_hal_uart.o

.debug_line     0x0000000000000000     0x9745
 .debug_line    0x0000000000000000      0xc7b Core/Src/gps.o
 .debug_line    0x0000000000000c7b      0x826 Core/Src/main.o
 .debug_line    0x00000000000014a1      0x77a Core/Src/stm32f7xx_hal_msp.o
 .debug_line    0x0000000000001c1b      0x7e3 Core/Src/stm32f7xx_it.o
 .debug_line    0x00000000000023fe      0x770 Core/Src/system_stm32f7xx.o
 .debug_line    0x0000000000002b6e       0x88 Core/Startup/startup_stm32f765zgtx.o
 .debug_line    0x0000000000002bf6      0xa31 Drivers/STM32F7xx_HAL_Driver/Src/stm32f7xx_hal.o
 .debug_line    0x0000000000003627      0xc87 Drivers/STM32F7xx_HAL_Driver/Src/stm32f7xx_hal_cortex.o
 .debug_line    0x00000000000042ae      0xf55 Drivers/STM32F7xx_HAL_Driver/Src/stm32f7xx_hal_dma.o
 .debug_line    0x0000000000005203      0xb83 Drivers/STM32F7xx_HAL_Driver/Src/stm32f7xx_hal_gpio.o
 .debug_line    0x0000000000005d86      0xe71 Drivers/STM32F7xx_HAL_Driver/Src/stm32f7xx_hal_rcc.o
 .debug_line    0x0000000000006bf7      0xe28 Drivers/STM32F7xx_HAL_Driver/Src/stm32f7xx_hal_rcc_ex.o
 .debug_line    0x0000000000007a1f     0x1d26 Drivers/STM32F7xx_HAL_Driver/Src/stm32f7xx_hal_uart.o

.debug_str      0x0000000000000000    0xe7db3
 .debug_str     0x0000000000000000    0xe55d7 Core/Src/gps.o
                                      0xe5cfe (size before relaxing)
 .debug_str     0x00000000000e55d7      0xbee Core/Src/main.o
                                      0xe6504 (size before relaxing)
 .debug_str     0x00000000000e61c5       0x50 Core/Src/stm32f7xx_hal_msp.o
                                      0xe5fd7 (size before relaxing)
 .debug_str     0x00000000000e6215       0xe6 Core/Src/stm32f7xx_it.o
                                      0xe58a2 (size before relaxing)
 .debug_str     0x00000000000e62fb      0x178 Core/Src/system_stm32f7xx.o
                                      0xe55cd (size before relaxing)
 .debug_str     0x00000000000e6473       0x36 Core/Startup/startup_stm32f765zgtx.o
                                         0x65 (size before relaxing)
 .debug_str     0x00000000000e64a9      0x3c7 Drivers/STM32F7xx_HAL_Driver/Src/stm32f7xx_hal.o
                                      0xe5f4a (size before relaxing)
 .debug_str     0x00000000000e6870      0x38f Drivers/STM32F7xx_HAL_Driver/Src/stm32f7xx_hal_cortex.o
                                      0xe5fb6 (size before relaxing)
 .debug_str     0x00000000000e6bff      0x333 Drivers/STM32F7xx_HAL_Driver/Src/stm32f7xx_hal_dma.o
                                      0xe591c (size before relaxing)
 .debug_str     0x00000000000e6f32      0x244 Drivers/STM32F7xx_HAL_Driver/Src/stm32f7xx_hal_gpio.o
                                      0xe57b8 (size before relaxing)
 .debug_str     0x00000000000e7176      0x286 Drivers/STM32F7xx_HAL_Driver/Src/stm32f7xx_hal_rcc.o
                                      0xe5916 (size before relaxing)
 .debug_str     0x00000000000e73fc      0x169 Drivers/STM32F7xx_HAL_Driver/Src/stm32f7xx_hal_rcc_ex.o
                                      0xe58cb (size before relaxing)
 .debug_str     0x00000000000e7565      0x84e Drivers/STM32F7xx_HAL_Driver/Src/stm32f7xx_hal_uart.o
                                      0xe61e7 (size before relaxing)

.comment        0x0000000000000000       0x53
 .comment       0x0000000000000000       0x53 Core/Src/gps.o
                                         0x54 (size before relaxing)
 .comment       0x0000000000000053       0x54 Core/Src/main.o
 .comment       0x0000000000000053       0x54 Core/Src/stm32f7xx_hal_msp.o
 .comment       0x0000000000000053       0x54 Core/Src/stm32f7xx_it.o
 .comment       0x0000000000000053       0x54 Core/Src/system_stm32f7xx.o
 .comment       0x0000000000000053       0x54 Drivers/STM32F7xx_HAL_Driver/Src/stm32f7xx_hal.o
 .comment       0x0000000000000053       0x54 Drivers/STM32F7xx_HAL_Driver/Src/stm32f7xx_hal_cortex.o
 .comment       0x0000000000000053       0x54 Drivers/STM32F7xx_HAL_Driver/Src/stm32f7xx_hal_dma.o
 .comment       0x0000000000000053       0x54 Drivers/STM32F7xx_HAL_Driver/Src/stm32f7xx_hal_gpio.o
 .comment       0x0000000000000053       0x54 Drivers/STM32F7xx_HAL_Driver/Src/stm32f7xx_hal_rcc.o
 .comment       0x0000000000000053       0x54 Drivers/STM32F7xx_HAL_Driver/Src/stm32f7xx_hal_rcc_ex.o
 .comment       0x0000000000000053       0x54 Drivers/STM32F7xx_HAL_Driver/Src/stm32f7xx_hal_uart.o

.debug_frame    0x0000000000000000     0x1ea8
 .debug_frame   0x0000000000000000      0x18c Core/Src/gps.o
 .debug_frame   0x000000000000018c       0xd4 Core/Src/main.o
 .debug_frame   0x0000000000000260       0x80 Core/Src/stm32f7xx_hal_msp.o
 .debug_frame   0x00000000000002e0      0x13c Core/Src/stm32f7xx_it.o
 .debug_frame   0x000000000000041c       0x58 Core/Src/system_stm32f7xx.o
 .debug_frame   0x0000000000000474      0x3f4 Drivers/STM32F7xx_HAL_Driver/Src/stm32f7xx_hal.o
 .debug_frame   0x0000000000000868      0x498 Drivers/STM32F7xx_HAL_Driver/Src/stm32f7xx_hal_cortex.o
 .debug_frame   0x0000000000000d00      0x250 Drivers/STM32F7xx_HAL_Driver/Src/stm32f7xx_hal_dma.o
 .debug_frame   0x0000000000000f50      0x14c Drivers/STM32F7xx_HAL_Driver/Src/stm32f7xx_hal_gpio.o
 .debug_frame   0x000000000000109c      0x1f0 Drivers/STM32F7xx_HAL_Driver/Src/stm32f7xx_hal_rcc.o
 .debug_frame   0x000000000000128c      0x118 Drivers/STM32F7xx_HAL_Driver/Src/stm32f7xx_hal_rcc_ex.o
 .debug_frame   0x00000000000013a4      0xa08 Drivers/STM32F7xx_HAL_Driver/Src/stm32f7xx_hal_uart.o
 .debug_frame   0x0000000000001dac       0x2c /Applications/STM32CubeIDE.app/Contents/Eclipse/plugins/com.st.stm32cube.ide.mcu.externaltools.gnu-tools-for-stm32.9-2020-q2-update.macos64_1.5.0.202011040924/tools/bin/../lib/gcc/arm-none-eabi/9.3.1/../../../../arm-none-eabi/lib/thumb/v7e-m+dp/hard/libc_nano.a(lib_a-init.o)
 .debug_frame   0x0000000000001dd8       0x28 /Applications/STM32CubeIDE.app/Contents/Eclipse/plugins/com.st.stm32cube.ide.mcu.externaltools.gnu-tools-for-stm32.9-2020-q2-update.macos64_1.5.0.202011040924/tools/bin/../lib/gcc/arm-none-eabi/9.3.1/../../../../arm-none-eabi/lib/thumb/v7e-m+dp/hard/libc_nano.a(lib_a-memcpy-stub.o)
 .debug_frame   0x0000000000001e00       0x20 /Applications/STM32CubeIDE.app/Contents/Eclipse/plugins/com.st.stm32cube.ide.mcu.externaltools.gnu-tools-for-stm32.9-2020-q2-update.macos64_1.5.0.202011040924/tools/bin/../lib/gcc/arm-none-eabi/9.3.1/../../../../arm-none-eabi/lib/thumb/v7e-m+dp/hard/libc_nano.a(lib_a-memset.o)
 .debug_frame   0x0000000000001e20       0x28 /Applications/STM32CubeIDE.app/Contents/Eclipse/plugins/com.st.stm32cube.ide.mcu.externaltools.gnu-tools-for-stm32.9-2020-q2-update.macos64_1.5.0.202011040924/tools/bin/../lib/gcc/arm-none-eabi/9.3.1/../../../../arm-none-eabi/lib/thumb/v7e-m+dp/hard/libc_nano.a(lib_a-strncmp.o)
 .debug_frame   0x0000000000001e48       0x2c /Applications/STM32CubeIDE.app/Contents/Eclipse/plugins/com.st.stm32cube.ide.mcu.externaltools.gnu-tools-for-stm32.9-2020-q2-update.macos64_1.5.0.202011040924/tools/bin/../lib/gcc/arm-none-eabi/9.3.1/thumb/v7e-m+dp/hard/libgcc.a(_aeabi_uldivmod.o)
 .debug_frame   0x0000000000001e74       0x34 /Applications/STM32CubeIDE.app/Contents/Eclipse/plugins/com.st.stm32cube.ide.mcu.externaltools.gnu-tools-for-stm32.9-2020-q2-update.macos64_1.5.0.202011040924/tools/bin/../lib/gcc/arm-none-eabi/9.3.1/thumb/v7e-m+dp/hard/libgcc.a(_udivmoddi4.o)
