Archive member included to satisfy reference by file (symbol)

/Applications/STM32CubeIDE.app/Contents/Eclipse/plugins/com.st.stm32cube.ide.mcu.externaltools.gnu-tools-for-stm32.9-2020-q2-update.macos64_1.5.0.202011040924/tools/bin/../lib/gcc/arm-none-eabi/9.3.1/../../../../arm-none-eabi/lib/thumb/v7e-m+dp/hard/libc_nano.a(lib_a-errno.o)
                              Core/Src/syscalls.o (__errno)
/Applications/STM32CubeIDE.app/Contents/Eclipse/plugins/com.st.stm32cube.ide.mcu.externaltools.gnu-tools-for-stm32.9-2020-q2-update.macos64_1.5.0.202011040924/tools/bin/../lib/gcc/arm-none-eabi/9.3.1/../../../../arm-none-eabi/lib/thumb/v7e-m+dp/hard/libc_nano.a(lib_a-exit.o)
                              /Applications/STM32CubeIDE.app/Contents/Eclipse/plugins/com.st.stm32cube.ide.mcu.externaltools.gnu-tools-for-stm32.9-2020-q2-update.macos64_1.5.0.202011040924/tools/bin/../lib/gcc/arm-none-eabi/9.3.1/../../../../arm-none-eabi/lib/thumb/v7e-m+dp/hard/crt0.o (exit)
/Applications/STM32CubeIDE.app/Contents/Eclipse/plugins/com.st.stm32cube.ide.mcu.externaltools.gnu-tools-for-stm32.9-2020-q2-update.macos64_1.5.0.202011040924/tools/bin/../lib/gcc/arm-none-eabi/9.3.1/../../../../arm-none-eabi/lib/thumb/v7e-m+dp/hard/libc_nano.a(lib_a-impure.o)
                              /Applications/STM32CubeIDE.app/Contents/Eclipse/plugins/com.st.stm32cube.ide.mcu.externaltools.gnu-tools-for-stm32.9-2020-q2-update.macos64_1.5.0.202011040924/tools/bin/../lib/gcc/arm-none-eabi/9.3.1/../../../../arm-none-eabi/lib/thumb/v7e-m+dp/hard/libc_nano.a(lib_a-exit.o) (_global_impure_ptr)
/Applications/STM32CubeIDE.app/Contents/Eclipse/plugins/com.st.stm32cube.ide.mcu.externaltools.gnu-tools-for-stm32.9-2020-q2-update.macos64_1.5.0.202011040924/tools/bin/../lib/gcc/arm-none-eabi/9.3.1/../../../../arm-none-eabi/lib/thumb/v7e-m+dp/hard/libc_nano.a(lib_a-init.o)
                              /Applications/STM32CubeIDE.app/Contents/Eclipse/plugins/com.st.stm32cube.ide.mcu.externaltools.gnu-tools-for-stm32.9-2020-q2-update.macos64_1.5.0.202011040924/tools/bin/../lib/gcc/arm-none-eabi/9.3.1/../../../../arm-none-eabi/lib/thumb/v7e-m+dp/hard/crt0.o (__libc_init_array)
/Applications/STM32CubeIDE.app/Contents/Eclipse/plugins/com.st.stm32cube.ide.mcu.externaltools.gnu-tools-for-stm32.9-2020-q2-update.macos64_1.5.0.202011040924/tools/bin/../lib/gcc/arm-none-eabi/9.3.1/../../../../arm-none-eabi/lib/thumb/v7e-m+dp/hard/libc_nano.a(lib_a-memcpy-stub.o)
                              Core/Src/gps.o (memcpy)
/Applications/STM32CubeIDE.app/Contents/Eclipse/plugins/com.st.stm32cube.ide.mcu.externaltools.gnu-tools-for-stm32.9-2020-q2-update.macos64_1.5.0.202011040924/tools/bin/../lib/gcc/arm-none-eabi/9.3.1/../../../../arm-none-eabi/lib/thumb/v7e-m+dp/hard/libc_nano.a(lib_a-memset.o)
                              /Applications/STM32CubeIDE.app/Contents/Eclipse/plugins/com.st.stm32cube.ide.mcu.externaltools.gnu-tools-for-stm32.9-2020-q2-update.macos64_1.5.0.202011040924/tools/bin/../lib/gcc/arm-none-eabi/9.3.1/../../../../arm-none-eabi/lib/thumb/v7e-m+dp/hard/crt0.o (memset)
/Applications/STM32CubeIDE.app/Contents/Eclipse/plugins/com.st.stm32cube.ide.mcu.externaltools.gnu-tools-for-stm32.9-2020-q2-update.macos64_1.5.0.202011040924/tools/bin/../lib/gcc/arm-none-eabi/9.3.1/../../../../arm-none-eabi/lib/thumb/v7e-m+dp/hard/libc_nano.a(lib_a-strncmp.o)
                              Core/Src/gps.o (strncmp)
/Applications/STM32CubeIDE.app/Contents/Eclipse/plugins/com.st.stm32cube.ide.mcu.externaltools.gnu-tools-for-stm32.9-2020-q2-update.macos64_1.5.0.202011040924/tools/bin/../lib/gcc/arm-none-eabi/9.3.1/thumb/v7e-m+dp/hard/libgcc.a(_aeabi_uldivmod.o)
                              Drivers/STM32F7xx_HAL_Driver/Src/stm32f7xx_hal_rcc.o (__aeabi_uldivmod)
/Applications/STM32CubeIDE.app/Contents/Eclipse/plugins/com.st.stm32cube.ide.mcu.externaltools.gnu-tools-for-stm32.9-2020-q2-update.macos64_1.5.0.202011040924/tools/bin/../lib/gcc/arm-none-eabi/9.3.1/thumb/v7e-m+dp/hard/libgcc.a(_udivmoddi4.o)
                              /Applications/STM32CubeIDE.app/Contents/Eclipse/plugins/com.st.stm32cube.ide.mcu.externaltools.gnu-tools-for-stm32.9-2020-q2-update.macos64_1.5.0.202011040924/tools/bin/../lib/gcc/arm-none-eabi/9.3.1/thumb/v7e-m+dp/hard/libgcc.a(_aeabi_uldivmod.o) (__udivmoddi4)
/Applications/STM32CubeIDE.app/Contents/Eclipse/plugins/com.st.stm32cube.ide.mcu.externaltools.gnu-tools-for-stm32.9-2020-q2-update.macos64_1.5.0.202011040924/tools/bin/../lib/gcc/arm-none-eabi/9.3.1/thumb/v7e-m+dp/hard/libgcc.a(_dvmd_tls.o)
                              /Applications/STM32CubeIDE.app/Contents/Eclipse/plugins/com.st.stm32cube.ide.mcu.externaltools.gnu-tools-for-stm32.9-2020-q2-update.macos64_1.5.0.202011040924/tools/bin/../lib/gcc/arm-none-eabi/9.3.1/thumb/v7e-m+dp/hard/libgcc.a(_aeabi_uldivmod.o) (__aeabi_ldiv0)

Allocating common symbols
Common symbol       size              file

hdma_uart4_rx       0x60              Core/Src/main.o
[...]
Memory Configuration

Name             Origin             Length             Attributes
RAM              0x0000000020000000 0x0000000000080000 xrw
FLASH            0x0000000008000000 0x0000000000100000 xr
*default*        0x0000000000000000 0xffffffffffffffff

Linker script and memory map

LOAD /Applications/STM32CubeIDE.app/Contents/Eclipse/plugins/com.st.stm32cube.ide.mcu.externaltools.gnu-tools-for-stm32.9-2020-q2-update.macos64_1.5.0.202011040924/tools/bin/../lib/gcc/arm-none-eabi/9.3.1/thumb/v7e-m+dp/hard/crti.o
LOAD /Applications/STM32CubeIDE.app/Contents/Eclipse/plugins/com.st.stm32cube.ide.mcu.externaltools.gnu-tools-for-stm32.9-2020-q2-update.macos64_1.5.0.202011040924/tools/bin/../lib/gcc/arm-none-eabi/9.3.1/thumb/v7e-m+dp/hard/crtbegin.o
LOAD /Applications/STM32CubeIDE.app/Contents/Eclipse/plugins/com.st.stm32cube.ide.mcu.externaltools.gnu-tools-for-stm32.9-2020-q2-update.macos64_1.5.0.202011040924/tools/bin/../lib/gcc/arm-none-eabi/9.3.1/../../../../arm-none-eabi/lib/thumb/v7e-m+dp/hard/crt0.o
LOAD Core/Src/gps.o
LOAD Core/Src/main.o
LOAD Core/Src/stm32f7xx_hal_msp.o
LOAD Core/Src/stm32f7xx_it.o
LOAD Core/Src/syscalls.o
LOAD Core/Src/sysmem.o
LOAD Core/Src/system_stm32f7xx.o
LOAD Core/Startup/startup_stm32f765zgtx.o
LOAD Drivers/STM32F7xx_HAL_Driver/Src/stm32f7xx_hal.o
LOAD Drivers/STM32F7xx_HAL_Driver/Src/stm32f7xx_hal_cortex.o
LOAD Drivers/STM32F7xx_HAL_Driver/Src/stm32f7xx_hal_dma.o
LOAD Drivers/STM32F7xx_HAL_Driver/Src/stm32f7xx_hal_dma_ex.o
LOAD Drivers/STM32F7xx_HAL_Driver/Src/stm32f7xx_hal_exti.o
LOAD Drivers/STM32F7xx_HAL_Driver/Src/stm32f7xx_hal_flash.o
LOAD Drivers/STM32F7xx_HAL_Driver/Src/stm32f7xx_hal_flash_ex.o
LOAD Drivers/STM32F7xx_HAL_Driver/Src/stm32f7xx_hal_gpio.o
LOAD Drivers/STM32F7xx_HAL_Driver/Src/stm32f7xx_hal_i2c.o
LOAD Drivers/STM32F7xx_HAL_Driver/Src/stm32f7xx_hal_i2c_ex.o
LOAD Drivers/STM32F7xx_HAL_Driver/Src/stm32f7xx_hal_pwr.o
LOAD Drivers/STM32F7xx_HAL_Driver/Src/stm32f7xx_hal_pwr_ex.o
LOAD Drivers/STM32F7xx_HAL_Driver/Src/stm32f7xx_hal_rcc.o
LOAD Drivers/STM32F7xx_HAL_Driver/Src/stm32f7xx_hal_rcc_ex.o
LOAD Drivers/STM32F7xx_HAL_Driver/Src/stm32f7xx_hal_tim.o
LOAD Drivers/STM32F7xx_HAL_Driver/Src/stm32f7xx_hal_tim_ex.o
LOAD Drivers/STM32F7xx_HAL_Driver/Src/stm32f7xx_hal_uart.o
LOAD Drivers/STM32F7xx_HAL_Driver/Src/stm32f7xx_hal_uart_ex.o
START GROUP
LOAD /Applications/STM32CubeIDE.app/Contents/Eclipse/plugins/com.st.stm32cube.ide.mcu.externaltools.gnu-tools-for-stm32.9-2020-q2-update.macos64_1.5.0.202011040924/tools/bin/../lib/gcc/arm-none-eabi/9.3.1/../../../../arm-none-eabi/lib/thumb/v7e-m+dp/hard/libstdc++_nano.a
LOAD /Applications/STM32CubeIDE.app/Contents/Eclipse/plugins/com.st.stm32cube.ide.mcu.externaltools.gnu-tools-for-stm32.9-2020-q2-update.macos64_1.5.0.202011040924/tools/bin/../lib/gcc/arm-none-eabi/9.3.1/../../../../arm-none-eabi/lib/thumb/v7e-m+dp/hard/libsupc++_nano.a
END GROUP
LOAD /Applications/STM32CubeIDE.app/Contents/Eclipse/plugins/com.st.stm32cube.ide.mcu.externaltools.gnu-tools-for-stm32.9-2020-q2-update.macos64_1.5.0.202011040924/tools/bin/../lib/gcc/arm-none-eabi/9.3.1/../../../../arm-none-eabi/lib/thumb/v7e-m+dp/hard/libstdc++_nano.a
LOAD /Applications/STM32CubeIDE.app/Contents/Eclipse/plugins/com.st.stm32cube.ide.mcu.externaltools.gnu-tools-for-stm32.9-2020-q2-update.macos64_1.5.0.202011040924/tools/bin/../lib/gcc/arm-none-eabi/9.3.1/../../../../arm-none-eabi/lib/thumb/v7e-m+dp/hard/libm.a
LOAD /Applications/STM32CubeIDE.app/Contents/Eclipse/plugins/com.st.stm32cube.ide.mcu.externaltools.gnu-tools-for-stm32.9-2020-q2-update.macos64_1.5.0.202011040924/tools/bin/../lib/gcc/arm-none-eabi/9.3.1/../../../../arm-none-eabi/lib/thumb/v7e-m+dp/hard/libc_nano.a
START GROUP
LOAD /Applications/STM32CubeIDE.app/Contents/Eclipse/plugins/com.st.stm32cube.ide.mcu.externaltools.gnu-tools-for-stm32.9-2020-q2-update.macos64_1.5.0.202011040924/tools/bin/../lib/gcc/arm-none-eabi/9.3.1/thumb/v7e-m+dp/hard/libgcc.a
LOAD /Applications/STM32CubeIDE.app/Contents/Eclipse/plugins/com.st.stm32cube.ide.mcu.externaltools.gnu-tools-for-stm32.9-2020-q2-update.macos64_1.5.0.202011040924/tools/bin/../lib/gcc/arm-none-eabi/9.3.1/../../../../arm-none-eabi/lib/thumb/v7e-m+dp/hard/libc_nano.a
END GROUP
START GROUP
LOAD /Applications/STM32CubeIDE.app/Contents/Eclipse/plugins/com.st.stm32cube.ide.mcu.externaltools.gnu-tools-for-stm32.9-2020-q2-update.macos64_1.5.0.202011040924/tools/bin/../lib/gcc/arm-none-eabi/9.3.1/thumb/v7e-m+dp/hard/libgcc.a
LOAD /Applications/STM32CubeIDE.app/Contents/Eclipse/plugins/com.st.stm32cube.ide.mcu.externaltools.gnu-tools-for-stm32.9-2020-q2-update.macos64_1.5.0.202011040924/tools/bin/../lib/gcc/arm-none-eabi/9.3.1/../../../../arm-none-eabi/lib/thumb/v7e-m+dp/hard/libc_nano.a
LOAD /Applications/STM32CubeIDE.app/Contents/Eclipse/plugins/com.st.stm32cube.ide.mcu.externaltools.gnu-tools-for-stm32.9-2020-q2-update.macos64_1.5.0.202011040924/tools/bin/../lib/gcc/arm-none-eabi/9.3.1/../../../../arm-none-eabi/lib/thumb/v7e-m+dp/hard/libnosys.a
END GROUP
START GROUP
LOAD /Applications/STM32CubeIDE.app/Contents/Eclipse/plugins/com.st.stm32cube.ide.mcu.externaltools.gnu-tools-for-stm32.9-2020-q2-update.macos64_1.5.0.202011040924/tools/bin/../lib/gcc/arm-none-eabi/9.3.1/thumb/v7e-m+dp/hard/libgcc.a
LOAD /Applications/STM32CubeIDE.app/Contents/Eclipse/plugins/com.st.stm32cube.ide.mcu.externaltools.gnu-tools-for-stm32.9-2020-q2-update.macos64_1.5.0.202011040924/tools/bin/../lib/gcc/arm-none-eabi/9.3.1/../../../../arm-none-eabi/lib/thumb/v7e-m+dp/hard/libc_nano.a
LOAD /Applications/STM32CubeIDE.app/Contents/Eclipse/plugins/com.st.stm32cube.ide.mcu.externaltools.gnu-tools-for-stm32.9-2020-q2-update.macos64_1.5.0.202011040924/tools/bin/../lib/gcc/arm-none-eabi/9.3.1/../../../../arm-none-eabi/lib/thumb/v7e-m+dp/hard/libnosys.a
END GROUP
LOAD /Applications/STM32CubeIDE.app/Contents/Eclipse/plugins/com.st.stm32cube.ide.mcu.externaltools.gnu-tools-for-stm32.9-2020-q2-update.macos64_1.5.0.202011040924/tools/bin/../lib/gcc/arm-none-eabi/9.3.1/thumb/v7e-m+dp/hard/crtend.o
LOAD /Applications/STM32CubeIDE.app/Contents/Eclipse/plugins/com.st.stm32cube.ide.mcu.externaltools.gnu-tools-for-stm32.9-2020-q2-update.macos64_1.5.0.202011040924/tools/bin/../lib/gcc/arm-none-eabi/9.3.1/thumb/v7e-m+dp/hard/crtn.o
                0x0000000020080000                _estack = (ORIGIN (RAM) + LENGTH (RAM))
                0x0000000000000200                _Min_Heap_Size = 0x200
                0x0000000000000400                _Min_Stack_Size = 0x400

.isr_vector     0x0000000008000000      0x1f8
                0x0000000008000000                . = ALIGN (0x4)
 *(.isr_vector)
 .isr_vector    0x0000000008000000      0x1f8 Core/Startup/startup_stm32f765zgtx.o
                0x0000000008000000                g_pfnVectors
                0x00000000080001f8                . = ALIGN (0x4)

.text           0x00000000080001f8     0x47e8
                0x00000000080001f8                . = ALIGN (0x4)
 *(.text)
 .text          0x00000000080001f8       0x40 /Applications/STM32CubeIDE.app/Contents/Eclipse/plugins/com.st.stm32cube.ide.mcu.externaltools.gnu-tools-for-stm32.9-2020-q2-update.macos64_1.5.0.202011040924/tools/bin/../lib/gcc/arm-none-eabi/9.3.1/thumb/v7e-m+dp/hard/crtbegin.o
 .text          0x0000000008000238       0x30 /Applications/STM32CubeIDE.app/Contents/Eclipse/plugins/com.st.stm32cube.ide.mcu.externaltools.gnu-tools-for-stm32.9-2020-q2-update.macos64_1.5.0.202011040924/tools/bin/../lib/gcc/arm-none-eabi/9.3.1/thumb/v7e-m+dp/hard/libgcc.a(_aeabi_uldivmod.o)
                0x0000000008000238                __aeabi_uldivmod
 .text          0x0000000008000268      0x2c4 /Applications/STM32CubeIDE.app/Contents/Eclipse/plugins/com.st.stm32cube.ide.mcu.externaltools.gnu-tools-for-stm32.9-2020-q2-update.macos64_1.5.0.202011040924/tools/bin/../lib/gcc/arm-none-eabi/9.3.1/thumb/v7e-m+dp/hard/libgcc.a(_udivmoddi4.o)
                0x0000000008000268                __udivmoddi4
 .text          0x000000000800052c        0x4 /Applications/STM32CubeIDE.app/Contents/Eclipse/plugins/com.st.stm32cube.ide.mcu.externaltools.gnu-tools-for-stm32.9-2020-q2-update.macos64_1.5.0.202011040924/tools/bin/../lib/gcc/arm-none-eabi/9.3.1/thumb/v7e-m+dp/hard/libgcc.a(_dvmd_tls.o)
                0x000000000800052c                __aeabi_ldiv0
                0x000000000800052c                __aeabi_idiv0
 *(.text*)
 .text.byteToHexString
                0x0000000008000530       0x3e Core/Src/gps.o
 .text.asciiToHex
                0x000000000800056e       0x4e Core/Src/gps.o
 .text.isNMEAChecksumValid
                0x00000000080005bc       0x86 Core/Src/gps.o
 *fill*         0x0000000008000642        0x2 
 .text.getData  0x0000000008000644       0x68 Core/Src/gps.o
                0x0000000008000644                getData
 .text.parseIncomingGPSData
                0x00000000080006ac      0x1f0 Core/Src/gps.o
                0x00000000080006ac                parseIncomingGPSData
 .text.init     0x000000000800089c       0x7c Core/Src/gps.o
                0x000000000800089c                init
 .text.HAL_UART_RxCpltCallback
                0x0000000008000918       0x28 Core/Src/gps.o
                0x0000000008000918                HAL_UART_RxCpltCallback
 .text.isNewDataAvailable
                0x0000000008000940       0x28 Core/Src/gps.o
                0x0000000008000940                isNewDataAvailable
 .text.parseVTG
                0x0000000008000968      0x214 Core/Src/gps.o
 *fill*         0x0000000008000b7c        0x4 
 .text.parseGGA
                0x0000000008000b80      0x6a0 Core/Src/gps.o
 .text.main     0x0000000008001220       0x5c Core/Src/main.o
                0x0000000008001220                main
 .text.SystemClock_Config
                0x000000000800127c       0xf4 Core/Src/main.o
                0x000000000800127c                SystemClock_Config
 .text.MX_UART4_Init
                0x0000000008001370       0x70 Core/Src/main.o
 .text.MX_DMA_Init
                0x00000000080013e0       0x4c Core/Src/main.o
 .text.MX_GPIO_Init
                0x000000000800142c       0xd8 Core/Src/main.o
 .text.Error_Handler
                0x0000000008001504        0xa Core/Src/main.o
                0x0000000008001504                Error_Handler
 *fill*         0x000000000800150e        0x2 
 .text.HAL_MspInit
                0x0000000008001510       0x48 Core/Src/stm32f7xx_hal_msp.o
                0x0000000008001510                HAL_MspInit
 .text.HAL_UART_MspInit
                0x0000000008001558      0x1a0 Core/Src/stm32f7xx_hal_msp.o
                0x0000000008001558                HAL_UART_MspInit
 .text.NMI_Handler
                0x00000000080016f8        0x6 Core/Src/stm32f7xx_it.o
                0x00000000080016f8                NMI_Handler
 .text.HardFault_Handler
                0x00000000080016fe        0x6 Core/Src/stm32f7xx_it.o
                0x00000000080016fe                HardFault_Handler
 .text.MemManage_Handler
                0x0000000008001704        0x6 Core/Src/stm32f7xx_it.o
                0x0000000008001704                MemManage_Handler
 .text.BusFault_Handler
                0x000000000800170a        0x6 Core/Src/stm32f7xx_it.o
                0x000000000800170a                BusFault_Handler
 .text.UsageFault_Handler
                0x0000000008001710        0x6 Core/Src/stm32f7xx_it.o
                0x0000000008001710                UsageFault_Handler
 .text.SVC_Handler
                0x0000000008001716        0xe Core/Src/stm32f7xx_it.o
                0x0000000008001716                SVC_Handler
 .text.DebugMon_Handler
                0x0000000008001724        0xe Core/Src/stm32f7xx_it.o
                0x0000000008001724                DebugMon_Handler
 .text.PendSV_Handler
                0x0000000008001732        0xe Core/Src/stm32f7xx_it.o
                0x0000000008001732                PendSV_Handler
 .text.SysTick_Handler
                0x0000000008001740        0xc Core/Src/stm32f7xx_it.o
                0x0000000008001740                SysTick_Handler
 .text.DMA1_Stream2_IRQHandler
                0x000000000800174c       0x14 Core/Src/stm32f7xx_it.o
                0x000000000800174c                DMA1_Stream2_IRQHandler
 .text.DMA1_Stream4_IRQHandler
                0x0000000008001760       0x14 Core/Src/stm32f7xx_it.o
                0x0000000008001760                DMA1_Stream4_IRQHandler
 .text.UART4_IRQHandler
                0x0000000008001774       0x14 Core/Src/stm32f7xx_it.o
                0x0000000008001774                UART4_IRQHandler
 .text.SystemInit
                0x0000000008001788       0x24 Core/Src/system_stm32f7xx.o
                0x0000000008001788                SystemInit
 .text.Reset_Handler
                0x00000000080017ac       0x50 Core/Startup/startup_stm32f765zgtx.o
                0x00000000080017ac                Reset_Handler
 .text.Default_Handler
                0x00000000080017fc        0x2 Core/Startup/startup_stm32f765zgtx.o
                0x00000000080017fc                DMA1_Stream3_IRQHandler
                0x00000000080017fc                EXTI2_IRQHandler
                0x00000000080017fc                TIM8_CC_IRQHandler
                0x00000000080017fc                UART8_IRQHandler
                0x00000000080017fc                SPI4_IRQHandler
                0x00000000080017fc                TIM1_CC_IRQHandler
                0x00000000080017fc                DMA2_Stream5_IRQHandler
                0x00000000080017fc                DMA1_Stream5_IRQHandler
                0x00000000080017fc                CAN3_RX1_IRQHandler
                0x00000000080017fc                PVD_IRQHandler
                0x00000000080017fc                TAMP_STAMP_IRQHandler
                0x00000000080017fc                CAN2_RX1_IRQHandler
                0x00000000080017fc                EXTI3_IRQHandler
                0x00000000080017fc                TIM8_TRG_COM_TIM14_IRQHandler
                0x00000000080017fc                DFSDM1_FLT1_IRQHandler
                0x00000000080017fc                TIM1_UP_TIM10_IRQHandler
                0x00000000080017fc                TIM8_UP_TIM13_IRQHandler
                0x00000000080017fc                I2C3_ER_IRQHandler
                0x00000000080017fc                DFSDM1_FLT2_IRQHandler
                0x00000000080017fc                EXTI0_IRQHandler
                0x00000000080017fc                I2C2_EV_IRQHandler
                0x00000000080017fc                CAN1_RX0_IRQHandler
                0x00000000080017fc                FPU_IRQHandler
                0x00000000080017fc                OTG_HS_WKUP_IRQHandler
                0x00000000080017fc                CAN3_SCE_IRQHandler
                0x00000000080017fc                CAN2_SCE_IRQHandler
                0x00000000080017fc                DMA2_Stream2_IRQHandler
                0x00000000080017fc                SPI1_IRQHandler
                0x00000000080017fc                TIM6_DAC_IRQHandler
                0x00000000080017fc                TIM1_BRK_TIM9_IRQHandler
                0x00000000080017fc                DCMI_IRQHandler
                0x00000000080017fc                CAN2_RX0_IRQHandler
                0x00000000080017fc                DMA2_Stream3_IRQHandler
                0x00000000080017fc                SAI2_IRQHandler
                0x00000000080017fc                DFSDM1_FLT3_IRQHandler
                0x00000000080017fc                USART6_IRQHandler
                0x00000000080017fc                CAN3_RX0_IRQHandler
                0x00000000080017fc                USART3_IRQHandler
                0x00000000080017fc                CAN1_RX1_IRQHandler
                0x00000000080017fc                UART5_IRQHandler
                0x00000000080017fc                DMA2_Stream0_IRQHandler
                0x00000000080017fc                TIM4_IRQHandler
                0x00000000080017fc                QUADSPI_IRQHandler
                0x00000000080017fc                I2C1_EV_IRQHandler
                0x00000000080017fc                DMA1_Stream6_IRQHandler
                0x00000000080017fc                DMA1_Stream1_IRQHandler
                0x00000000080017fc                TIM3_IRQHandler
                0x00000000080017fc                RCC_IRQHandler
                0x00000000080017fc                TIM8_BRK_TIM12_IRQHandler
                0x00000000080017fc                Default_Handler
                0x00000000080017fc                CEC_IRQHandler
                0x00000000080017fc                EXTI15_10_IRQHandler
                0x00000000080017fc                ADC_IRQHandler
                0x00000000080017fc                DMA1_Stream7_IRQHandler
                0x00000000080017fc                SPI5_IRQHandler
                0x00000000080017fc                TIM7_IRQHandler
                0x00000000080017fc                SDMMC1_IRQHandler
                0x00000000080017fc                CAN2_TX_IRQHandler
                0x00000000080017fc                TIM5_IRQHandler
                0x00000000080017fc                DMA2_Stream7_IRQHandler
                0x00000000080017fc                I2C3_EV_IRQHandler
                0x00000000080017fc                EXTI9_5_IRQHandler
                0x00000000080017fc                RTC_WKUP_IRQHandler
                0x00000000080017fc                ETH_WKUP_IRQHandler
                0x00000000080017fc                SPDIF_RX_IRQHandler
                0x00000000080017fc                SPI2_IRQHandler
                0x00000000080017fc                OTG_HS_EP1_IN_IRQHandler
                0x00000000080017fc                DMA1_Stream0_IRQHandler
                0x00000000080017fc                CAN1_TX_IRQHandler
                0x00000000080017fc                EXTI4_IRQHandler
                0x00000000080017fc                RNG_IRQHandler
                0x00000000080017fc                ETH_IRQHandler
                0x00000000080017fc                OTG_HS_EP1_OUT_IRQHandler
                0x00000000080017fc                WWDG_IRQHandler
                0x00000000080017fc                SPI6_IRQHandler
                0x00000000080017fc                MDIOS_IRQHandler
                0x00000000080017fc                I2C4_EV_IRQHandler
                0x00000000080017fc                CAN3_TX_IRQHandler
                0x00000000080017fc                TIM2_IRQHandler
                0x00000000080017fc                OTG_FS_WKUP_IRQHandler
                0x00000000080017fc                TIM1_TRG_COM_TIM11_IRQHandler
                0x00000000080017fc                OTG_HS_IRQHandler
                0x00000000080017fc                DMA2D_IRQHandler
                0x00000000080017fc                EXTI1_IRQHandler
                0x00000000080017fc                SDMMC2_IRQHandler
                0x00000000080017fc                UART7_IRQHandler
                0x00000000080017fc                USART2_IRQHandler
                0x00000000080017fc                DFSDM1_FLT0_IRQHandler
                0x00000000080017fc                I2C2_ER_IRQHandler
                0x00000000080017fc                DMA2_Stream1_IRQHandler
                0x00000000080017fc                CAN1_SCE_IRQHandler
                0x00000000080017fc                FLASH_IRQHandler
                0x00000000080017fc                DMA2_Stream4_IRQHandler
                0x00000000080017fc                USART1_IRQHandler
                0x00000000080017fc                OTG_FS_IRQHandler
                0x00000000080017fc                SPI3_IRQHandler
                0x00000000080017fc                I2C1_ER_IRQHandler
                0x00000000080017fc                FMC_IRQHandler
                0x00000000080017fc                LPTIM1_IRQHandler
                0x00000000080017fc                I2C4_ER_IRQHandler
                0x00000000080017fc                DMA2_Stream6_IRQHandler
                0x00000000080017fc                SAI1_IRQHandler
                0x00000000080017fc                RTC_Alarm_IRQHandler
 .text.HAL_Init
                0x00000000080017fe       0x1a Drivers/STM32F7xx_HAL_Driver/Src/stm32f7xx_hal.o
                0x00000000080017fe                HAL_Init
 .text.HAL_InitTick
                0x0000000008001818       0x60 Drivers/STM32F7xx_HAL_Driver/Src/stm32f7xx_hal.o
                0x0000000008001818                HAL_InitTick
 .text.HAL_IncTick
                0x0000000008001878       0x28 Drivers/STM32F7xx_HAL_Driver/Src/stm32f7xx_hal.o
                0x0000000008001878                HAL_IncTick
 .text.HAL_GetTick
                0x00000000080018a0       0x18 Drivers/STM32F7xx_HAL_Driver/Src/stm32f7xx_hal.o
                0x00000000080018a0                HAL_GetTick
 .text.__NVIC_SetPriorityGrouping
                0x00000000080018b8       0x48 Drivers/STM32F7xx_HAL_Driver/Src/stm32f7xx_hal_cortex.o
 .text.__NVIC_GetPriorityGrouping
                0x0000000008001900       0x1c Drivers/STM32F7xx_HAL_Driver/Src/stm32f7xx_hal_cortex.o
 .text.__NVIC_EnableIRQ
                0x000000000800191c       0x3c Drivers/STM32F7xx_HAL_Driver/Src/stm32f7xx_hal_cortex.o
 .text.__NVIC_SetPriority
                0x0000000008001958       0x54 Drivers/STM32F7xx_HAL_Driver/Src/stm32f7xx_hal_cortex.o
 .text.NVIC_EncodePriority
                0x00000000080019ac       0x66 Drivers/STM32F7xx_HAL_Driver/Src/stm32f7xx_hal_cortex.o
 *fill*         0x0000000008001a12        0x2 
 .text.SysTick_Config
                0x0000000008001a14       0x44 Drivers/STM32F7xx_HAL_Driver/Src/stm32f7xx_hal_cortex.o
 .text.HAL_NVIC_SetPriorityGrouping
                0x0000000008001a58       0x16 Drivers/STM32F7xx_HAL_Driver/Src/stm32f7xx_hal_cortex.o
                0x0000000008001a58                HAL_NVIC_SetPriorityGrouping
 .text.HAL_NVIC_SetPriority
                0x0000000008001a6e       0x38 Drivers/STM32F7xx_HAL_Driver/Src/stm32f7xx_hal_cortex.o
                0x0000000008001a6e                HAL_NVIC_SetPriority
 .text.HAL_NVIC_EnableIRQ
                0x0000000008001aa6       0x1c Drivers/STM32F7xx_HAL_Driver/Src/stm32f7xx_hal_cortex.o
                0x0000000008001aa6                HAL_NVIC_EnableIRQ
 .text.HAL_SYSTICK_Config
                0x0000000008001ac2       0x18 Drivers/STM32F7xx_HAL_Driver/Src/stm32f7xx_hal_cortex.o
                0x0000000008001ac2                HAL_SYSTICK_Config
 *fill*         0x0000000008001ada        0x2 
 .text.HAL_DMA_Init
                0x0000000008001adc      0x15c Drivers/STM32F7xx_HAL_Driver/Src/stm32f7xx_hal_dma.o
                0x0000000008001adc                HAL_DMA_Init
 .text.HAL_DMA_Start_IT
                0x0000000008001c38       0xc0 Drivers/STM32F7xx_HAL_Driver/Src/stm32f7xx_hal_dma.o
                0x0000000008001c38                HAL_DMA_Start_IT
 .text.HAL_DMA_Abort
                0x0000000008001cf8       0xe0 Drivers/STM32F7xx_HAL_Driver/Src/stm32f7xx_hal_dma.o
                0x0000000008001cf8                HAL_DMA_Abort
 .text.HAL_DMA_Abort_IT
                0x0000000008001dd8       0x44 Drivers/STM32F7xx_HAL_Driver/Src/stm32f7xx_hal_dma.o
                0x0000000008001dd8                HAL_DMA_Abort_IT
 .text.HAL_DMA_IRQHandler
                0x0000000008001e1c      0x314 Drivers/STM32F7xx_HAL_Driver/Src/stm32f7xx_hal_dma.o
                0x0000000008001e1c                HAL_DMA_IRQHandler
 .text.DMA_SetConfig
                0x0000000008002130       0x5c Drivers/STM32F7xx_HAL_Driver/Src/stm32f7xx_hal_dma.o
 .text.DMA_CalcBaseAndBitshift
                0x000000000800218c       0x6c Drivers/STM32F7xx_HAL_Driver/Src/stm32f7xx_hal_dma.o
 .text.DMA_CheckFifoParam
                0x00000000080021f8       0xf8 Drivers/STM32F7xx_HAL_Driver/Src/stm32f7xx_hal_dma.o
 .text.HAL_GPIO_Init
                0x00000000080022f0      0x358 Drivers/STM32F7xx_HAL_Driver/Src/stm32f7xx_hal_gpio.o
                0x00000000080022f0                HAL_GPIO_Init
 .text.HAL_GPIO_WritePin
                0x0000000008002648       0x32 Drivers/STM32F7xx_HAL_Driver/Src/stm32f7xx_hal_gpio.o
                0x0000000008002648                HAL_GPIO_WritePin
 .text.HAL_GPIO_TogglePin
                0x000000000800267a       0x34 Drivers/STM32F7xx_HAL_Driver/Src/stm32f7xx_hal_gpio.o
                0x000000000800267a                HAL_GPIO_TogglePin
 *fill*         0x00000000080026ae        0x2 
 .text.HAL_RCC_OscConfig
                0x00000000080026b0      0x55c Drivers/STM32F7xx_HAL_Driver/Src/stm32f7xx_hal_rcc.o
                0x00000000080026b0                HAL_RCC_OscConfig
 .text.HAL_RCC_ClockConfig
                0x0000000008002c0c      0x1d8 Drivers/STM32F7xx_HAL_Driver/Src/stm32f7xx_hal_rcc.o
                0x0000000008002c0c                HAL_RCC_ClockConfig
 .text.HAL_RCC_GetSysClockFreq
                0x0000000008002de4      0x16c Drivers/STM32F7xx_HAL_Driver/Src/stm32f7xx_hal_rcc.o
                0x0000000008002de4                HAL_RCC_GetSysClockFreq
 .text.HAL_RCC_GetHCLKFreq
                0x0000000008002f50       0x18 Drivers/STM32F7xx_HAL_Driver/Src/stm32f7xx_hal_rcc.o
                0x0000000008002f50                HAL_RCC_GetHCLKFreq
 .text.HAL_RCC_GetPCLK1Freq
                0x0000000008002f68       0x28 Drivers/STM32F7xx_HAL_Driver/Src/stm32f7xx_hal_rcc.o
                0x0000000008002f68                HAL_RCC_GetPCLK1Freq
 .text.HAL_RCC_GetPCLK2Freq
                0x0000000008002f90       0x28 Drivers/STM32F7xx_HAL_Driver/Src/stm32f7xx_hal_rcc.o
                0x0000000008002f90                HAL_RCC_GetPCLK2Freq
 .text.HAL_RCCEx_PeriphCLKConfig
                0x0000000008002fb8      0x7e0 Drivers/STM32F7xx_HAL_Driver/Src/stm32f7xx_hal_rcc_ex.o
                0x0000000008002fb8                HAL_RCCEx_PeriphCLKConfig
 .text.HAL_UART_Init
                0x0000000008003798       0x9c Drivers/STM32F7xx_HAL_Driver/Src/stm32f7xx_hal_uart.o
                0x0000000008003798                HAL_UART_Init
 .text.HAL_UART_Transmit_DMA
                0x0000000008003834       0xfc Drivers/STM32F7xx_HAL_Driver/Src/stm32f7xx_hal_uart.o
                0x0000000008003834                HAL_UART_Transmit_DMA
 .text.HAL_UART_Receive_DMA
                0x0000000008003930       0x7a Drivers/STM32F7xx_HAL_Driver/Src/stm32f7xx_hal_uart.o
                0x0000000008003930                HAL_UART_Receive_DMA
 *fill*         0x00000000080039aa        0x2 
 .text.HAL_UART_IRQHandler
                0x00000000080039ac      0x400 Drivers/STM32F7xx_HAL_Driver/Src/stm32f7xx_hal_uart.o
                0x00000000080039ac                HAL_UART_IRQHandler
 .text.HAL_UART_TxCpltCallback
                0x0000000008003dac       0x14 Drivers/STM32F7xx_HAL_Driver/Src/stm32f7xx_hal_uart.o
                0x0000000008003dac                HAL_UART_TxCpltCallback
 .text.HAL_UART_TxHalfCpltCallback
                0x0000000008003dc0       0x14 Drivers/STM32F7xx_HAL_Driver/Src/stm32f7xx_hal_uart.o
                0x0000000008003dc0                HAL_UART_TxHalfCpltCallback
 .text.HAL_UART_RxHalfCpltCallback
                0x0000000008003dd4       0x14 Drivers/STM32F7xx_HAL_Driver/Src/stm32f7xx_hal_uart.o
                0x0000000008003dd4                HAL_UART_RxHalfCpltCallback
 .text.HAL_UART_ErrorCallback
                0x0000000008003de8       0x14 Drivers/STM32F7xx_HAL_Driver/Src/stm32f7xx_hal_uart.o
                0x0000000008003de8                HAL_UART_ErrorCallback
 .text.HAL_UARTEx_RxEventCallback
                0x0000000008003dfc       0x18 Drivers/STM32F7xx_HAL_Driver/Src/stm32f7xx_hal_uart.o
                0x0000000008003dfc                HAL_UARTEx_RxEventCallback
 .text.HAL_UARTEx_WakeupCallback
                0x0000000008003e14       0x14 Drivers/STM32F7xx_HAL_Driver/Src/stm32f7xx_hal_uart.o
                0x0000000008003e14                HAL_UARTEx_WakeupCallback
 .text.UART_SetConfig
                0x0000000008003e28      0x4c4 Drivers/STM32F7xx_HAL_Driver/Src/stm32f7xx_hal_uart.o
                0x0000000008003e28                UART_SetConfig
 .text.UART_AdvFeatureConfig
                0x00000000080042ec      0x144 Drivers/STM32F7xx_HAL_Driver/Src/stm32f7xx_hal_uart.o
                0x00000000080042ec                UART_AdvFeatureConfig
 .text.UART_CheckIdleState
                0x0000000008004430       0x92 Drivers/STM32F7xx_HAL_Driver/Src/stm32f7xx_hal_uart.o
                0x0000000008004430                UART_CheckIdleState
 .text.UART_WaitOnFlagUntilTimeout
                0x00000000080044c2       0xf8 Drivers/STM32F7xx_HAL_Driver/Src/stm32f7xx_hal_uart.o
                0x00000000080044c2                UART_WaitOnFlagUntilTimeout
 *fill*         0x00000000080045ba        0x2 
 .text.UART_Start_Receive_DMA
                0x00000000080045bc       0xd8 Drivers/STM32F7xx_HAL_Driver/Src/stm32f7xx_hal_uart.o
                0x00000000080045bc                UART_Start_Receive_DMA
 .text.UART_EndTxTransfer
                0x0000000008004694       0x2a Drivers/STM32F7xx_HAL_Driver/Src/stm32f7xx_hal_uart.o
 .text.UART_EndRxTransfer
                0x00000000080046be       0x5e Drivers/STM32F7xx_HAL_Driver/Src/stm32f7xx_hal_uart.o
 .text.UART_DMATransmitCplt
                0x000000000800471c       0x50 Drivers/STM32F7xx_HAL_Driver/Src/stm32f7xx_hal_uart.o
 .text.UART_DMATxHalfCplt
                0x000000000800476c       0x1c Drivers/STM32F7xx_HAL_Driver/Src/stm32f7xx_hal_uart.o
 .text.UART_DMAReceiveCplt
                0x0000000008004788       0x94 Drivers/STM32F7xx_HAL_Driver/Src/stm32f7xx_hal_uart.o
 .text.UART_DMARxHalfCplt
                0x000000000800481c       0x38 Drivers/STM32F7xx_HAL_Driver/Src/stm32f7xx_hal_uart.o
 .text.UART_DMAError
                0x0000000008004854       0x7c Drivers/STM32F7xx_HAL_Driver/Src/stm32f7xx_hal_uart.o
 .text.UART_DMAAbortOnError
                0x00000000080048d0       0x2c Drivers/STM32F7xx_HAL_Driver/Src/stm32f7xx_hal_uart.o
 .text.UART_EndTransmit_IT
                0x00000000080048fc       0x32 Drivers/STM32F7xx_HAL_Driver/Src/stm32f7xx_hal_uart.o
 *fill*         0x000000000800492e        0x2 
 .text.__libc_init_array
                0x0000000008004930       0x48 /Applications/STM32CubeIDE.app/Contents/Eclipse/plugins/com.st.stm32cube.ide.mcu.externaltools.gnu-tools-for-stm32.9-2020-q2-update.macos64_1.5.0.202011040924/tools/bin/../lib/gcc/arm-none-eabi/9.3.1/../../../../arm-none-eabi/lib/thumb/v7e-m+dp/hard/libc_nano.a(lib_a-init.o)
                0x0000000008004930                __libc_init_array
 .text.memcpy   0x0000000008004978       0x1c /Applications/STM32CubeIDE.app/Contents/Eclipse/plugins/com.st.stm32cube.ide.mcu.externaltools.gnu-tools-for-stm32.9-2020-q2-update.macos64_1.5.0.202011040924/tools/bin/../lib/gcc/arm-none-eabi/9.3.1/../../../../arm-none-eabi/lib/thumb/v7e-m+dp/hard/libc_nano.a(lib_a-memcpy-stub.o)
                0x0000000008004978                memcpy
 .text.memset   0x0000000008004994       0x10 /Applications/STM32CubeIDE.app/Contents/Eclipse/plugins/com.st.stm32cube.ide.mcu.externaltools.gnu-tools-for-stm32.9-2020-q2-update.macos64_1.5.0.202011040924/tools/bin/../lib/gcc/arm-none-eabi/9.3.1/../../../../arm-none-eabi/lib/thumb/v7e-m+dp/hard/libc_nano.a(lib_a-memset.o)
                0x0000000008004994                memset
 .text.strncmp  0x00000000080049a4       0x24 /Applications/STM32CubeIDE.app/Contents/Eclipse/plugins/com.st.stm32cube.ide.mcu.externaltools.gnu-tools-for-stm32.9-2020-q2-update.macos64_1.5.0.202011040924/tools/bin/../lib/gcc/arm-none-eabi/9.3.1/../../../../arm-none-eabi/lib/thumb/v7e-m+dp/hard/libc_nano.a(lib_a-strncmp.o)
                0x00000000080049a4                strncmp
 *(.glue_7)
 .glue_7        0x00000000080049c8        0x0 linker stubs
 *(.glue_7t)
 .glue_7t       0x00000000080049c8        0x0 linker stubs
 *(.eh_frame)
 .eh_frame      0x00000000080049c8        0x0 /Applications/STM32CubeIDE.app/Contents/Eclipse/plugins/com.st.stm32cube.ide.mcu.externaltools.gnu-tools-for-stm32.9-2020-q2-update.macos64_1.5.0.202011040924/tools/bin/../lib/gcc/arm-none-eabi/9.3.1/thumb/v7e-m+dp/hard/crtbegin.o
 *(.init)
 .init          0x00000000080049c8        0x4 /Applications/STM32CubeIDE.app/Contents/Eclipse/plugins/com.st.stm32cube.ide.mcu.externaltools.gnu-tools-for-stm32.9-2020-q2-update.macos64_1.5.0.202011040924/tools/bin/../lib/gcc/arm-none-eabi/9.3.1/thumb/v7e-m+dp/hard/crti.o
                0x00000000080049c8                _init
 .init          0x00000000080049cc        0x8 /Applications/STM32CubeIDE.app/Contents/Eclipse/plugins/com.st.stm32cube.ide.mcu.externaltools.gnu-tools-for-stm32.9-2020-q2-update.macos64_1.5.0.202011040924/tools/bin/../lib/gcc/arm-none-eabi/9.3.1/thumb/v7e-m+dp/hard/crtn.o
 *(.fini)
 .fini          0x00000000080049d4        0x4 /Applications/STM32CubeIDE.app/Contents/Eclipse/plugins/com.st.stm32cube.ide.mcu.externaltools.gnu-tools-for-stm32.9-2020-q2-update.macos64_1.5.0.202011040924/tools/bin/../lib/gcc/arm-none-eabi/9.3.1/thumb/v7e-m+dp/hard/crti.o
                0x00000000080049d4                _fini
 .fini          0x00000000080049d8        0x8 /Applications/STM32CubeIDE.app/Contents/Eclipse/plugins/com.st.stm32cube.ide.mcu.externaltools.gnu-tools-for-stm32.9-2020-q2-update.macos64_1.5.0.202011040924/tools/bin/../lib/gcc/arm-none-eabi/9.3.1/thumb/v7e-m+dp/hard/crtn.o
                0x00000000080049e0                . = ALIGN (0x4)
                0x00000000080049e0                _etext = .

.vfp11_veneer   0x00000000080049e0        0x0
 .vfp11_veneer  0x00000000080049e0        0x0 linker stubs

.v4_bx          0x00000000080049e0        0x0
 .v4_bx         0x00000000080049e0        0x0 linker stubs

.iplt           0x00000000080049e0        0x0
 .iplt          0x00000000080049e0        0x0 /Applications/STM32CubeIDE.app/Contents/Eclipse/plugins/com.st.stm32cube.ide.mcu.externaltools.gnu-tools-for-stm32.9-2020-q2-update.macos64_1.5.0.202011040924/tools/bin/../lib/gcc/arm-none-eabi/9.3.1/thumb/v7e-m+dp/hard/crtbegin.o

.rodata         0x00000000080049e0      0x2b0
                0x00000000080049e0                . = ALIGN (0x4)
 *(.rodata)
 .rodata        0x00000000080049e0      0x290 Core/Src/gps.o
 *(.rodata*)
 .rodata.AHBPrescTable
                0x0000000008004c70       0x10 Core/Src/system_stm32f7xx.o
                0x0000000008004c70                AHBPrescTable
 .rodata.APBPrescTable
                0x0000000008004c80        0x8 Core/Src/system_stm32f7xx.o
                0x0000000008004c80                APBPrescTable
 .rodata.flagBitshiftOffset.8520
                0x0000000008004c88        0x8 Drivers/STM32F7xx_HAL_Driver/Src/stm32f7xx_hal_dma.o
                0x0000000008004c90                . = ALIGN (0x4)

.ARM.extab      0x0000000008004c90        0x0
                0x0000000008004c90                . = ALIGN (0x4)
 *(.ARM.extab* .gnu.linkonce.armextab.*)
                0x0000000008004c90                . = ALIGN (0x4)

.ARM            0x0000000008004c90        0x8
                0x0000000008004c90                . = ALIGN (0x4)
                0x0000000008004c90                __exidx_start = .
 *(.ARM.exidx*)
 .ARM.exidx     0x0000000008004c90        0x8 /Applications/STM32CubeIDE.app/Contents/Eclipse/plugins/com.st.stm32cube.ide.mcu.externaltools.gnu-tools-for-stm32.9-2020-q2-update.macos64_1.5.0.202011040924/tools/bin/../lib/gcc/arm-none-eabi/9.3.1/thumb/v7e-m+dp/hard/libgcc.a(_udivmoddi4.o)
                0x0000000008004c98                __exidx_end = .
                0x0000000008004c98                . = ALIGN (0x4)

.rel.dyn        0x0000000008004c98        0x0
 .rel.iplt      0x0000000008004c98        0x0 /Applications/STM32CubeIDE.app/Contents/Eclipse/plugins/com.st.stm32cube.ide.mcu.externaltools.gnu-tools-for-stm32.9-2020-q2-update.macos64_1.5.0.202011040924/tools/bin/../lib/gcc/arm-none-eabi/9.3.1/thumb/v7e-m+dp/hard/crtbegin.o

.preinit_array  0x0000000008004c98        0x0
                0x0000000008004c98                . = ALIGN (0x4)
                0x0000000008004c98                PROVIDE (__preinit_array_start = .)
 *(.preinit_array*)
                0x0000000008004c98                PROVIDE (__preinit_array_end = .)
                0x0000000008004c98                . = ALIGN (0x4)

.init_array     0x0000000008004c98        0x4
                0x0000000008004c98                . = ALIGN (0x4)
                0x0000000008004c98                PROVIDE (__init_array_start = .)
 *(SORT_BY_NAME(.init_array.*))
 *(.init_array*)
 .init_array    0x0000000008004c98        0x4 /Applications/STM32CubeIDE.app/Contents/Eclipse/plugins/com.st.stm32cube.ide.mcu.externaltools.gnu-tools-for-stm32.9-2020-q2-update.macos64_1.5.0.202011040924/tools/bin/../lib/gcc/arm-none-eabi/9.3.1/thumb/v7e-m+dp/hard/crtbegin.o
                0x0000000008004c9c                PROVIDE (__init_array_end = .)
                0x0000000008004c9c                . = ALIGN (0x4)

.fini_array     0x0000000008004c9c        0x4
                0x0000000008004c9c                . = ALIGN (0x4)
                [!provide]                        PROVIDE (__fini_array_start = .)
 *(SORT_BY_NAME(.fini_array.*))
 *(.fini_array*)
 .fini_array    0x0000000008004c9c        0x4 /Applications/STM32CubeIDE.app/Contents/Eclipse/plugins/com.st.stm32cube.ide.mcu.externaltools.gnu-tools-for-stm32.9-2020-q2-update.macos64_1.5.0.202011040924/tools/bin/../lib/gcc/arm-none-eabi/9.3.1/thumb/v7e-m+dp/hard/crtbegin.o
                [!provide]                        PROVIDE (__fini_array_end = .)
                0x0000000008004ca0                . = ALIGN (0x4)
                0x0000000008004ca0                _sidata = LOADADDR (.data)

.data           0x0000000020000000       0x24 load address 0x0000000008004ca0
                0x0000000020000000                . = ALIGN (0x4)
                0x0000000020000000                _sdata = .
 *(.data)
 *(.data*)
 .data.PMTK_SET_NMEA_UPDATE_10HZ
                0x0000000020000000        0x4 Core/Src/gps.o
 .data.PMTK_API_SET_FIX_CTL_5HZ
                0x0000000020000004        0x4 Core/Src/gps.o
 .data.PMTK_ENABLE_WAAS
                0x0000000020000008        0x4 Core/Src/gps.o
 .data.GPS_GGA_MESSAGE
                0x000000002000000c        0x4 Core/Src/gps.o
 .data.GPS_VTG_MESSAGE
                0x0000000020000010        0x4 Core/Src/gps.o
 .data.rawSatellites.8533
                0x0000000020000014        0x3 Core/Src/gps.o
 *fill*         0x0000000020000017        0x1 
 .data.SystemCoreClock
                0x0000000020000018        0x4 Core/Src/system_stm32f7xx.o
                0x0000000020000018                SystemCoreClock
 .data.uwTickPrio
                0x000000002000001c        0x4 Drivers/STM32F7xx_HAL_Driver/Src/stm32f7xx_hal.o
                0x000000002000001c                uwTickPrio
 .data.uwTickFreq
                0x0000000020000020        0x1 Drivers/STM32F7xx_HAL_Driver/Src/stm32f7xx_hal.o
                0x0000000020000020                uwTickFreq
 *(.RamFunc)
 *(.RamFunc*)
                0x0000000020000024                . = ALIGN (0x4)
 *fill*         0x0000000020000021        0x3 
                0x0000000020000024                _edata = .

.igot.plt       0x0000000020000024        0x0 load address 0x0000000008004cc4
 .igot.plt      0x0000000020000024        0x0 /Applications/STM32CubeIDE.app/Contents/Eclipse/plugins/com.st.stm32cube.ide.mcu.externaltools.gnu-tools-for-stm32.9-2020-q2-update.macos64_1.5.0.202011040924/tools/bin/../lib/gcc/arm-none-eabi/9.3.1/thumb/v7e-m+dp/hard/crtbegin.o
                0x0000000020000024                . = ALIGN (0x4)

.bss            0x0000000020000028      0xe58 load address 0x0000000008004cc4
                0x0000000020000028                _sbss = .
                0x0000000020000028                __bss_start__ = _sbss
 *(.bss)
 .bss           0x0000000020000028       0x1c /Applications/STM32CubeIDE.app/Contents/Eclipse/plugins/com.st.stm32cube.ide.mcu.externaltools.gnu-tools-for-stm32.9-2020-q2-update.macos64_1.5.0.202011040924/tools/bin/../lib/gcc/arm-none-eabi/9.3.1/thumb/v7e-m+dp/hard/crtbegin.o
 *(.bss*)
 .bss.data_available
                0x0000000020000044        0x1 Core/Src/gps.o
 .bss.new_vtg_data
                0x0000000020000045        0x1 Core/Src/gps.o
 .bss.new_gga_data
                0x0000000020000046        0x1 Core/Src/gps.o
 .bss.configured
                0x0000000020000047        0x1 Core/Src/gps.o
 .bss.gga_buffer
                0x0000000020000048      0x320 Core/Src/gps.o
 .bss.vtg_buffer
                0x0000000020000368      0x320 Core/Src/gps.o
 .bss.uart_buffer
                0x0000000020000688      0x320 Core/Src/gps.o
 .bss.a         0x00000000200009a8      0x320 Core/Src/gps.o
 .bss.currently_parsing.8478
                0x0000000020000cc8        0x1 Core/Src/gps.o
 *fill*         0x0000000020000cc9        0x1 
 .bss.buffer_index.8479
                0x0000000020000cca        0x2 Core/Src/gps.o
 .bss.rawHeading.8500
                0x0000000020000ccc        0x6 Core/Src/gps.o
 *fill*         0x0000000020000cd2        0x2 
 .bss.rawGroundSpeed.8501
                0x0000000020000cd4        0x8 Core/Src/gps.o
 .bss.rawTime.8530
                0x0000000020000cdc        0xb Core/Src/gps.o
 *fill*         0x0000000020000ce7        0x1 
 .bss.rawLatitude.8531
                0x0000000020000ce8        0xa Core/Src/gps.o
 .bss.latitudeNS.8535
                0x0000000020000cf2        0x1 Core/Src/gps.o
 *fill*         0x0000000020000cf3        0x1 
 .bss.rawLongitude.8532
                0x0000000020000cf4        0xb Core/Src/gps.o
 .bss.longitudeEW.8536
                0x0000000020000cff        0x1 Core/Src/gps.o
 .bss.positionFix.8537
                0x0000000020000d00        0x1 Core/Src/gps.o
 *fill*         0x0000000020000d01        0x3 
 .bss.rawAltitude.8534
                0x0000000020000d04        0x8 Core/Src/gps.o
 *(COMMON)
 *fill*         0x0000000020000d0c        0x4 
 COMMON         0x0000000020000d10       0x28 Core/Src/gps.o
                0x0000000020000d10                gps_data
 COMMON         0x0000000020000d38      0x144 Core/Src/main.o
                0x0000000020000d38                hdma_uart4_rx
                0x0000000020000d98                huart4
                0x0000000020000e1c                hdma_uart4_tx
 COMMON         0x0000000020000e7c        0x4 Drivers/STM32F7xx_HAL_Driver/Src/stm32f7xx_hal.o
                0x0000000020000e7c                uwTick
                0x0000000020000e80                . = ALIGN (0x4)
                0x0000000020000e80                _ebss = .
                0x0000000020000e80                __bss_end__ = _ebss

._user_heap_stack
                0x0000000020000e80      0x600 load address 0x0000000008004cc4
                0x0000000020000e80                . = ALIGN (0x8)
                [!provide]                        PROVIDE (end = .)
                0x0000000020000e80                PROVIDE (_end = .)
                0x0000000020001080                . = (. + _Min_Heap_Size)
 *fill*         0x0000000020000e80      0x200 
                0x0000000020001480                . = (. + _Min_Stack_Size)
 *fill*         0x0000000020001080      0x400 
                0x0000000020001480                . = ALIGN (0x8)

/DISCARD/
 libc.a(*)
 libm.a(*)
 libgcc.a(*)

.ARM.attributes
                0x0000000000000000       0x2e
 *(.ARM.attributes)
 .ARM.attributes
                0x0000000000000000       0x1e /Applications/STM32CubeIDE.app/Contents/Eclipse/plugins/com.st.stm32cube.ide.mcu.externaltools.gnu-tools-for-stm32.9-2020-q2-update.macos64_1.5.0.202011040924/tools/bin/../lib/gcc/arm-none-eabi/9.3.1/thumb/v7e-m+dp/hard/crti.o
 .ARM.attributes
                0x000000000000001e       0x32 /Applications/STM32CubeIDE.app/Contents/Eclipse/plugins/com.st.stm32cube.ide.mcu.externaltools.gnu-tools-for-stm32.9-2020-q2-update.macos64_1.5.0.202011040924/tools/bin/../lib/gcc/arm-none-eabi/9.3.1/thumb/v7e-m+dp/hard/crtbegin.o
 .ARM.attributes
                0x0000000000000050       0x32 Core/Src/gps.o
 .ARM.attributes
                0x0000000000000082       0x32 Core/Src/main.o
 .ARM.attributes
                0x00000000000000b4       0x32 Core/Src/stm32f7xx_hal_msp.o
 .ARM.attributes
                0x00000000000000e6       0x32 Core/Src/stm32f7xx_it.o
 .ARM.attributes
                0x0000000000000118       0x32 Core/Src/system_stm32f7xx.o
 .ARM.attributes
                0x000000000000014a       0x21 Core/Startup/startup_stm32f765zgtx.o
 .ARM.attributes
                0x000000000000016b       0x32 Drivers/STM32F7xx_HAL_Driver/Src/stm32f7xx_hal.o
 .ARM.attributes
                0x000000000000019d       0x32 Drivers/STM32F7xx_HAL_Driver/Src/stm32f7xx_hal_cortex.o
 .ARM.attributes
                0x00000000000001cf       0x32 Drivers/STM32F7xx_HAL_Driver/Src/stm32f7xx_hal_dma.o
 .ARM.attributes
                0x0000000000000201       0x32 Drivers/STM32F7xx_HAL_Driver/Src/stm32f7xx_hal_gpio.o
 .ARM.attributes
                0x0000000000000233       0x32 Drivers/STM32F7xx_HAL_Driver/Src/stm32f7xx_hal_rcc.o
 .ARM.attributes
                0x0000000000000265       0x32 Drivers/STM32F7xx_HAL_Driver/Src/stm32f7xx_hal_rcc_ex.o
 .ARM.attributes
                0x0000000000000297       0x32 Drivers/STM32F7xx_HAL_Driver/Src/stm32f7xx_hal_uart.o
 .ARM.attributes
                0x00000000000002c9       0x32 /Applications/STM32CubeIDE.app/Contents/Eclipse/plugins/com.st.stm32cube.ide.mcu.externaltools.gnu-tools-for-stm32.9-2020-q2-update.macos64_1.5.0.202011040924/tools/bin/../lib/gcc/arm-none-eabi/9.3.1/../../../../arm-none-eabi/lib/thumb/v7e-m+dp/hard/libc_nano.a(lib_a-init.o)
 .ARM.attributes
                0x00000000000002fb       0x32 /Applications/STM32CubeIDE.app/Contents/Eclipse/plugins/com.st.stm32cube.ide.mcu.externaltools.gnu-tools-for-stm32.9-2020-q2-update.macos64_1.5.0.202011040924/tools/bin/../lib/gcc/arm-none-eabi/9.3.1/../../../../arm-none-eabi/lib/thumb/v7e-m+dp/hard/libc_nano.a(lib_a-memcpy-stub.o)
 .ARM.attributes
                0x000000000000032d       0x32 /Applications/STM32CubeIDE.app/Contents/Eclipse/plugins/com.st.stm32cube.ide.mcu.externaltools.gnu-tools-for-stm32.9-2020-q2-update.macos64_1.5.0.202011040924/tools/bin/../lib/gcc/arm-none-eabi/9.3.1/../../../../arm-none-eabi/lib/thumb/v7e-m+dp/hard/libc_nano.a(lib_a-memset.o)
 .ARM.attributes
                0x000000000000035f       0x32 /Applications/STM32CubeIDE.app/Contents/Eclipse/plugins/com.st.stm32cube.ide.mcu.externaltools.gnu-tools-for-stm32.9-2020-q2-update.macos64_1.5.0.202011040924/tools/bin/../lib/gcc/arm-none-eabi/9.3.1/../../../../arm-none-eabi/lib/thumb/v7e-m+dp/hard/libc_nano.a(lib_a-strncmp.o)
 .ARM.attributes
                0x0000000000000391       0x1e /Applications/STM32CubeIDE.app/Contents/Eclipse/plugins/com.st.stm32cube.ide.mcu.externaltools.gnu-tools-for-stm32.9-2020-q2-update.macos64_1.5.0.202011040924/tools/bin/../lib/gcc/arm-none-eabi/9.3.1/thumb/v7e-m+dp/hard/libgcc.a(_aeabi_uldivmod.o)
 .ARM.attributes
                0x00000000000003af       0x32 /Applications/STM32CubeIDE.app/Contents/Eclipse/plugins/com.st.stm32cube.ide.mcu.externaltools.gnu-tools-for-stm32.9-2020-q2-update.macos64_1.5.0.202011040924/tools/bin/../lib/gcc/arm-none-eabi/9.3.1/thumb/v7e-m+dp/hard/libgcc.a(_udivmoddi4.o)
 .ARM.attributes
                0x00000000000003e1       0x1e /Applications/STM32CubeIDE.app/Contents/Eclipse/plugins/com.st.stm32cube.ide.mcu.externaltools.gnu-tools-for-stm32.9-2020-q2-update.macos64_1.5.0.202011040924/tools/bin/../lib/gcc/arm-none-eabi/9.3.1/thumb/v7e-m+dp/hard/libgcc.a(_dvmd_tls.o)
 .ARM.attributes
                0x00000000000003ff       0x1e /Applications/STM32CubeIDE.app/Contents/Eclipse/plugins/com.st.stm32cube.ide.mcu.externaltools.gnu-tools-for-stm32.9-2020-q2-update.macos64_1.5.0.202011040924/tools/bin/../lib/gcc/arm-none-eabi/9.3.1/thumb/v7e-m+dp/hard/crtn.o
OUTPUT(GPS_Debug.elf elf32-littlearm)
LOAD linker stubs
LOAD /Applications/STM32CubeIDE.app/Contents/Eclipse/plugins/com.st.stm32cube.ide.mcu.externaltools.gnu-tools-for-stm32.9-2020-q2-update.macos64_1.5.0.202011040924/tools/bin/../lib/gcc/arm-none-eabi/9.3.1/../../../../arm-none-eabi/lib/thumb/v7e-m+dp/hard/libc.a
LOAD /Applications/STM32CubeIDE.app/Contents/Eclipse/plugins/com.st.stm32cube.ide.mcu.externaltools.gnu-tools-for-stm32.9-2020-q2-update.macos64_1.5.0.202011040924/tools/bin/../lib/gcc/arm-none-eabi/9.3.1/../../../../arm-none-eabi/lib/thumb/v7e-m+dp/hard/libm.a
LOAD /Applications/STM32CubeIDE.app/Contents/Eclipse/plugins/com.st.stm32cube.ide.mcu.externaltools.gnu-tools-for-stm32.9-2020-q2-update.macos64_1.5.0.202011040924/tools/bin/../lib/gcc/arm-none-eabi/9.3.1/thumb/v7e-m+dp/hard/libgcc.a

.debug_info     0x0000000000000000     0x9b0a
 .debug_info    0x0000000000000000      0xef6 Core/Src/gps.o
 .debug_info    0x0000000000000ef6     0x13ad Core/Src/main.o
 .debug_info    0x00000000000022a3      0xe21 Core/Src/stm32f7xx_hal_msp.o
 .debug_info    0x00000000000030c4      0x835 Core/Src/stm32f7xx_it.o
 .debug_info    0x00000000000038f9      0x7ad Core/Src/system_stm32f7xx.o
 .debug_info    0x00000000000040a6       0x22 Core/Startup/startup_stm32f765zgtx.o
 .debug_info    0x00000000000040c8      0xaa6 Drivers/STM32F7xx_HAL_Driver/Src/stm32f7xx_hal.o
 .debug_info    0x0000000000004b6e     0x1146 Drivers/STM32F7xx_HAL_Driver/Src/stm32f7xx_hal_cortex.o
 .debug_info    0x0000000000005cb4      0x9f1 Drivers/STM32F7xx_HAL_Driver/Src/stm32f7xx_hal_dma.o
 .debug_info    0x00000000000066a5      0x876 Drivers/STM32F7xx_HAL_Driver/Src/stm32f7xx_hal_gpio.o
 .debug_info    0x0000000000006f1b      0xa28 Drivers/STM32F7xx_HAL_Driver/Src/stm32f7xx_hal_rcc.o
 .debug_info    0x0000000000007943      0x853 Drivers/STM32F7xx_HAL_Driver/Src/stm32f7xx_hal_rcc_ex.o
 .debug_info    0x0000000000008196     0x1974 Drivers/STM32F7xx_HAL_Driver/Src/stm32f7xx_hal_uart.o

.debug_abbrev   0x0000000000000000     0x19c0
 .debug_abbrev  0x0000000000000000      0x2e7 Core/Src/gps.o
 .debug_abbrev  0x00000000000002e7      0x22b Core/Src/main.o
 .debug_abbrev  0x0000000000000512      0x1b5 Core/Src/stm32f7xx_hal_msp.o
 .debug_abbrev  0x00000000000006c7      0x163 Core/Src/stm32f7xx_it.o
 .debug_abbrev  0x000000000000082a      0x165 Core/Src/system_stm32f7xx.o
 .debug_abbrev  0x000000000000098f       0x12 Core/Startup/startup_stm32f765zgtx.o
 .debug_abbrev  0x00000000000009a1      0x1ed Drivers/STM32F7xx_HAL_Driver/Src/stm32f7xx_hal.o
 .debug_abbrev  0x0000000000000b8e      0x33c Drivers/STM32F7xx_HAL_Driver/Src/stm32f7xx_hal_cortex.o
 .debug_abbrev  0x0000000000000eca      0x259 Drivers/STM32F7xx_HAL_Driver/Src/stm32f7xx_hal_dma.o
 .debug_abbrev  0x0000000000001123      0x1f1 Drivers/STM32F7xx_HAL_Driver/Src/stm32f7xx_hal_gpio.o
 .debug_abbrev  0x0000000000001314      0x29c Drivers/STM32F7xx_HAL_Driver/Src/stm32f7xx_hal_rcc.o
 .debug_abbrev  0x00000000000015b0      0x1d1 Drivers/STM32F7xx_HAL_Driver/Src/stm32f7xx_hal_rcc_ex.o
 .debug_abbrev  0x0000000000001781      0x23f Drivers/STM32F7xx_HAL_Driver/Src/stm32f7xx_hal_uart.o

.debug_aranges  0x0000000000000000      0x7c0
 .debug_aranges
                0x0000000000000000       0x68 Core/Src/gps.o
 .debug_aranges
                0x0000000000000068       0x48 Core/Src/main.o
 .debug_aranges
                0x00000000000000b0       0x30 Core/Src/stm32f7xx_hal_msp.o
 .debug_aranges
                0x00000000000000e0       0x78 Core/Src/stm32f7xx_it.o
 .debug_aranges
                0x0000000000000158       0x28 Core/Src/system_stm32f7xx.o
 .debug_aranges
                0x0000000000000180       0x28 Core/Startup/startup_stm32f765zgtx.o
 .debug_aranges
                0x00000000000001a8      0x110 Drivers/STM32F7xx_HAL_Driver/Src/stm32f7xx_hal.o
 .debug_aranges
                0x00000000000002b8      0x118 Drivers/STM32F7xx_HAL_Driver/Src/stm32f7xx_hal_cortex.o
 .debug_aranges
                0x00000000000003d0       0x90 Drivers/STM32F7xx_HAL_Driver/Src/stm32f7xx_hal_dma.o
 .debug_aranges
                0x0000000000000460       0x58 Drivers/STM32F7xx_HAL_Driver/Src/stm32f7xx_hal_gpio.o
 .debug_aranges
                0x00000000000004b8       0x88 Drivers/STM32F7xx_HAL_Driver/Src/stm32f7xx_hal_rcc.o
 .debug_aranges
                0x0000000000000540       0x50 Drivers/STM32F7xx_HAL_Driver/Src/stm32f7xx_hal_rcc_ex.o
 .debug_aranges
                0x0000000000000590      0x230 Drivers/STM32F7xx_HAL_Driver/Src/stm32f7xx_hal_uart.o

.debug_ranges   0x0000000000000000      0x728
 .debug_ranges  0x0000000000000000       0x58 Core/Src/gps.o
 .debug_ranges  0x0000000000000058       0x38 Core/Src/main.o
 .debug_ranges  0x0000000000000090       0x20 Core/Src/stm32f7xx_hal_msp.o
 .debug_ranges  0x00000000000000b0       0x68 Core/Src/stm32f7xx_it.o
 .debug_ranges  0x0000000000000118       0x18 Core/Src/system_stm32f7xx.o
 .debug_ranges  0x0000000000000130       0x20 Core/Startup/startup_stm32f765zgtx.o
 .debug_ranges  0x0000000000000150      0x100 Drivers/STM32F7xx_HAL_Driver/Src/stm32f7xx_hal.o
 .debug_ranges  0x0000000000000250      0x108 Drivers/STM32F7xx_HAL_Driver/Src/stm32f7xx_hal_cortex.o
 .debug_ranges  0x0000000000000358       0x80 Drivers/STM32F7xx_HAL_Driver/Src/stm32f7xx_hal_dma.o
 .debug_ranges  0x00000000000003d8       0x48 Drivers/STM32F7xx_HAL_Driver/Src/stm32f7xx_hal_gpio.o
 .debug_ranges  0x0000000000000420       0x78 Drivers/STM32F7xx_HAL_Driver/Src/stm32f7xx_hal_rcc.o
 .debug_ranges  0x0000000000000498       0x40 Drivers/STM32F7xx_HAL_Driver/Src/stm32f7xx_hal_rcc_ex.o
 .debug_ranges  0x00000000000004d8      0x250 Drivers/STM32F7xx_HAL_Driver/Src/stm32f7xx_hal_uart.o

.debug_macro    0x0000000000000000    0x24f52
 .debug_macro   0x0000000000000000      0x1f4 Core/Src/gps.o
 .debug_macro   0x00000000000001f4      0xac0 Core/Src/gps.o
 .debug_macro   0x0000000000000cb4       0x22 Core/Src/gps.o
 .debug_macro   0x0000000000000cd6       0x8e Core/Src/gps.o
 .debug_macro   0x0000000000000d64       0x51 Core/Src/gps.o
 .debug_macro   0x0000000000000db5      0x103 Core/Src/gps.o
 .debug_macro   0x0000000000000eb8       0x6a Core/Src/gps.o
 .debug_macro   0x0000000000000f22      0x1df Core/Src/gps.o
 .debug_macro   0x0000000000001101       0x22 Core/Src/gps.o
 .debug_macro   0x0000000000001123      0x28d Core/Src/gps.o
 .debug_macro   0x00000000000013b0       0x2e Core/Src/gps.o
 .debug_macro   0x00000000000013de       0x3b Core/Src/gps.o
 .debug_macro   0x0000000000001419       0x1c Core/Src/gps.o
 .debug_macro   0x0000000000001435       0x22 Core/Src/gps.o
 .debug_macro   0x0000000000001457       0xdf Core/Src/gps.o
 .debug_macro   0x0000000000001536     0x12cd Core/Src/gps.o
 .debug_macro   0x0000000000002803      0x11f Core/Src/gps.o
 .debug_macro   0x0000000000002922       0x19 Core/Src/gps.o
 .debug_macro   0x000000000000293b    0x19adb Core/Src/gps.o
 .debug_macro   0x000000000001c416       0x43 Core/Src/gps.o
 .debug_macro   0x000000000001c459     0x36c9 Core/Src/gps.o
 .debug_macro   0x000000000001fb22      0x174 Core/Src/gps.o
 .debug_macro   0x000000000001fc96       0x63 Core/Src/gps.o
 .debug_macro   0x000000000001fcf9     0x1a43 Core/Src/gps.o
 .debug_macro   0x000000000002173c      0x6c4 Core/Src/gps.o
 .debug_macro   0x0000000000021e00      0x18b Core/Src/gps.o
 .debug_macro   0x0000000000021f8b      0x117 Core/Src/gps.o
 .debug_macro   0x00000000000220a2      0x25a Core/Src/gps.o
 .debug_macro   0x00000000000222fc       0x27 Core/Src/gps.o
 .debug_macro   0x0000000000022323      0x24f Core/Src/gps.o
 .debug_macro   0x0000000000022572       0x71 Core/Src/gps.o
 .debug_macro   0x00000000000225e3       0x58 Core/Src/gps.o
 .debug_macro   0x000000000002263b      0x236 Core/Src/gps.o
 .debug_macro   0x0000000000022871      0x14f Core/Src/gps.o
 .debug_macro   0x00000000000229c0      0x3dc Core/Src/gps.o
 .debug_macro   0x0000000000022d9c       0x12 Core/Src/gps.o
 .debug_macro   0x0000000000022dae      0x22c Core/Src/gps.o
 .debug_macro   0x0000000000022fda       0x61 Core/Src/gps.o
 .debug_macro   0x000000000002303b       0xa5 Core/Src/gps.o
 .debug_macro   0x00000000000230e0      0x12f Core/Src/gps.o
 .debug_macro   0x000000000002320f      0x108 Core/Src/gps.o
 .debug_macro   0x0000000000023317       0x35 Core/Src/gps.o
 .debug_macro   0x000000000002334c      0x5a5 Core/Src/gps.o
 .debug_macro   0x00000000000238f1       0x44 Core/Src/gps.o
 .debug_macro   0x0000000000023935      0x15c Core/Src/gps.o
 .debug_macro   0x0000000000023a91      0x1ec Core/Src/main.o
 .debug_macro   0x0000000000023c7d      0x1d9 Core/Src/stm32f7xx_hal_msp.o
 .debug_macro   0x0000000000023e56      0x1e3 Core/Src/stm32f7xx_it.o
 .debug_macro   0x0000000000024039      0x1cf Core/Src/system_stm32f7xx.o
 .debug_macro   0x0000000000024208      0x1f3 Drivers/STM32F7xx_HAL_Driver/Src/stm32f7xx_hal.o
 .debug_macro   0x00000000000243fb      0x1cf Drivers/STM32F7xx_HAL_Driver/Src/stm32f7xx_hal_cortex.o
 .debug_macro   0x00000000000245ca      0x1d5 Drivers/STM32F7xx_HAL_Driver/Src/stm32f7xx_hal_dma.o
 .debug_macro   0x000000000002479f      0x205 Drivers/STM32F7xx_HAL_Driver/Src/stm32f7xx_hal_gpio.o
 .debug_macro   0x00000000000249a4      0x1f3 Drivers/STM32F7xx_HAL_Driver/Src/stm32f7xx_hal_rcc.o
 .debug_macro   0x0000000000024b97      0x1cf Drivers/STM32F7xx_HAL_Driver/Src/stm32f7xx_hal_rcc_ex.o
 .debug_macro   0x0000000000024d66      0x1ec Drivers/STM32F7xx_HAL_Driver/Src/stm32f7xx_hal_uart.o

.debug_line     0x0000000000000000     0x97ad
 .debug_line    0x0000000000000000      0xc8c Core/Src/gps.o
 .debug_line    0x0000000000000c8c      0x83e Core/Src/main.o
 .debug_line    0x00000000000014ca      0x7a1 Core/Src/stm32f7xx_hal_msp.o
 .debug_line    0x0000000000001c6b      0x7fb Core/Src/stm32f7xx_it.o
 .debug_line    0x0000000000002466      0x770 Core/Src/system_stm32f7xx.o
 .debug_line    0x0000000000002bd6       0x88 Core/Startup/startup_stm32f765zgtx.o
 .debug_line    0x0000000000002c5e      0xa31 Drivers/STM32F7xx_HAL_Driver/Src/stm32f7xx_hal.o
 .debug_line    0x000000000000368f      0xc87 Drivers/STM32F7xx_HAL_Driver/Src/stm32f7xx_hal_cortex.o
 .debug_line    0x0000000000004316      0xf55 Drivers/STM32F7xx_HAL_Driver/Src/stm32f7xx_hal_dma.o
 .debug_line    0x000000000000526b      0xb83 Drivers/STM32F7xx_HAL_Driver/Src/stm32f7xx_hal_gpio.o
 .debug_line    0x0000000000005dee      0xe71 Drivers/STM32F7xx_HAL_Driver/Src/stm32f7xx_hal_rcc.o
 .debug_line    0x0000000000006c5f      0xe28 Drivers/STM32F7xx_HAL_Driver/Src/stm32f7xx_hal_rcc_ex.o
 .debug_line    0x0000000000007a87     0x1d26 Drivers/STM32F7xx_HAL_Driver/Src/stm32f7xx_hal_uart.o

.debug_str      0x0000000000000000    0xe7dd3
 .debug_str     0x0000000000000000    0xe55d1 Core/Src/gps.o
                                      0xe5cf8 (size before relaxing)
 .debug_str     0x00000000000e55d1      0xbfc Core/Src/main.o
                                      0xe6510 (size before relaxing)
 .debug_str     0x00000000000e61cd       0x50 Core/Src/stm32f7xx_hal_msp.o
                                      0xe5fe5 (size before relaxing)
 .debug_str     0x00000000000e621d       0xfe Core/Src/stm32f7xx_it.o
                                      0xe58c8 (size before relaxing)
 .debug_str     0x00000000000e631b      0x178 Core/Src/system_stm32f7xx.o
                                      0xe55cd (size before relaxing)
 .debug_str     0x00000000000e6493       0x36 Core/Startup/startup_stm32f765zgtx.o
                                         0x65 (size before relaxing)
 .debug_str     0x00000000000e64c9      0x3c7 Drivers/STM32F7xx_HAL_Driver/Src/stm32f7xx_hal.o
                                      0xe5f4a (size before relaxing)
 .debug_str     0x00000000000e6890      0x38f Drivers/STM32F7xx_HAL_Driver/Src/stm32f7xx_hal_cortex.o
                                      0xe5fb6 (size before relaxing)
 .debug_str     0x00000000000e6c1f      0x333 Drivers/STM32F7xx_HAL_Driver/Src/stm32f7xx_hal_dma.o
                                      0xe591c (size before relaxing)
 .debug_str     0x00000000000e6f52      0x244 Drivers/STM32F7xx_HAL_Driver/Src/stm32f7xx_hal_gpio.o
                                      0xe57b8 (size before relaxing)
 .debug_str     0x00000000000e7196      0x286 Drivers/STM32F7xx_HAL_Driver/Src/stm32f7xx_hal_rcc.o
                                      0xe5916 (size before relaxing)
 .debug_str     0x00000000000e741c      0x169 Drivers/STM32F7xx_HAL_Driver/Src/stm32f7xx_hal_rcc_ex.o
                                      0xe58cb (size before relaxing)
 .debug_str     0x00000000000e7585      0x84e Drivers/STM32F7xx_HAL_Driver/Src/stm32f7xx_hal_uart.o
                                      0xe61e7 (size before relaxing)

.comment        0x0000000000000000       0x53
 .comment       0x0000000000000000       0x53 Core/Src/gps.o
                                         0x54 (size before relaxing)
 .comment       0x0000000000000053       0x54 Core/Src/main.o
 .comment       0x0000000000000053       0x54 Core/Src/stm32f7xx_hal_msp.o
 .comment       0x0000000000000053       0x54 Core/Src/stm32f7xx_it.o
 .comment       0x0000000000000053       0x54 Core/Src/system_stm32f7xx.o
 .comment       0x0000000000000053       0x54 Drivers/STM32F7xx_HAL_Driver/Src/stm32f7xx_hal.o
 .comment       0x0000000000000053       0x54 Drivers/STM32F7xx_HAL_Driver/Src/stm32f7xx_hal_cortex.o
 .comment       0x0000000000000053       0x54 Drivers/STM32F7xx_HAL_Driver/Src/stm32f7xx_hal_dma.o
 .comment       0x0000000000000053       0x54 Drivers/STM32F7xx_HAL_Driver/Src/stm32f7xx_hal_gpio.o
 .comment       0x0000000000000053       0x54 Drivers/STM32F7xx_HAL_Driver/Src/stm32f7xx_hal_rcc.o
 .comment       0x0000000000000053       0x54 Drivers/STM32F7xx_HAL_Driver/Src/stm32f7xx_hal_rcc_ex.o
 .comment       0x0000000000000053       0x54 Drivers/STM32F7xx_HAL_Driver/Src/stm32f7xx_hal_uart.o

.debug_frame    0x0000000000000000     0x1ec4
 .debug_frame   0x0000000000000000      0x18c Core/Src/gps.o
 .debug_frame   0x000000000000018c       0xd4 Core/Src/main.o
 .debug_frame   0x0000000000000260       0x80 Core/Src/stm32f7xx_hal_msp.o
 .debug_frame   0x00000000000002e0      0x158 Core/Src/stm32f7xx_it.o
 .debug_frame   0x0000000000000438       0x58 Core/Src/system_stm32f7xx.o
 .debug_frame   0x0000000000000490      0x3f4 Drivers/STM32F7xx_HAL_Driver/Src/stm32f7xx_hal.o
 .debug_frame   0x0000000000000884      0x498 Drivers/STM32F7xx_HAL_Driver/Src/stm32f7xx_hal_cortex.o
 .debug_frame   0x0000000000000d1c      0x250 Drivers/STM32F7xx_HAL_Driver/Src/stm32f7xx_hal_dma.o
 .debug_frame   0x0000000000000f6c      0x14c Drivers/STM32F7xx_HAL_Driver/Src/stm32f7xx_hal_gpio.o
 .debug_frame   0x00000000000010b8      0x1f0 Drivers/STM32F7xx_HAL_Driver/Src/stm32f7xx_hal_rcc.o
 .debug_frame   0x00000000000012a8      0x118 Drivers/STM32F7xx_HAL_Driver/Src/stm32f7xx_hal_rcc_ex.o
 .debug_frame   0x00000000000013c0      0xa08 Drivers/STM32F7xx_HAL_Driver/Src/stm32f7xx_hal_uart.o
 .debug_frame   0x0000000000001dc8       0x2c /Applications/STM32CubeIDE.app/Contents/Eclipse/plugins/com.st.stm32cube.ide.mcu.externaltools.gnu-tools-for-stm32.9-2020-q2-update.macos64_1.5.0.202011040924/tools/bin/../lib/gcc/arm-none-eabi/9.3.1/../../../../arm-none-eabi/lib/thumb/v7e-m+dp/hard/libc_nano.a(lib_a-init.o)
 .debug_frame   0x0000000000001df4       0x28 /Applications/STM32CubeIDE.app/Contents/Eclipse/plugins/com.st.stm32cube.ide.mcu.externaltools.gnu-tools-for-stm32.9-2020-q2-update.macos64_1.5.0.202011040924/tools/bin/../lib/gcc/arm-none-eabi/9.3.1/../../../../arm-none-eabi/lib/thumb/v7e-m+dp/hard/libc_nano.a(lib_a-memcpy-stub.o)
 .debug_frame   0x0000000000001e1c       0x20 /Applications/STM32CubeIDE.app/Contents/Eclipse/plugins/com.st.stm32cube.ide.mcu.externaltools.gnu-tools-for-stm32.9-2020-q2-update.macos64_1.5.0.202011040924/tools/bin/../lib/gcc/arm-none-eabi/9.3.1/../../../../arm-none-eabi/lib/thumb/v7e-m+dp/hard/libc_nano.a(lib_a-memset.o)
 .debug_frame   0x0000000000001e3c       0x28 /Applications/STM32CubeIDE.app/Contents/Eclipse/plugins/com.st.stm32cube.ide.mcu.externaltools.gnu-tools-for-stm32.9-2020-q2-update.macos64_1.5.0.202011040924/tools/bin/../lib/gcc/arm-none-eabi/9.3.1/../../../../arm-none-eabi/lib/thumb/v7e-m+dp/hard/libc_nano.a(lib_a-strncmp.o)
 .debug_frame   0x0000000000001e64       0x2c /Applications/STM32CubeIDE.app/Contents/Eclipse/plugins/com.st.stm32cube.ide.mcu.externaltools.gnu-tools-for-stm32.9-2020-q2-update.macos64_1.5.0.202011040924/tools/bin/../lib/gcc/arm-none-eabi/9.3.1/thumb/v7e-m+dp/hard/libgcc.a(_aeabi_uldivmod.o)
 .debug_frame   0x0000000000001e90       0x34 /Applications/STM32CubeIDE.app/Contents/Eclipse/plugins/com.st.stm32cube.ide.mcu.externaltools.gnu-tools-for-stm32.9-2020-q2-update.macos64_1.5.0.202011040924/tools/bin/../lib/gcc/arm-none-eabi/9.3.1/thumb/v7e-m+dp/hard/libgcc.a(_udivmoddi4.o)
